05-19 22:02:25.046: I/SurfaceFlinger(1845): id=2393(799) createSurf (480x1600),-1 flag=20000, ClackSurfac
05-19 22:02:25.046: I/SurfaceFlinger(1845): id=2394(800) createSurf (960x800),-1 flag=20000, ClackSurfac
05-19 22:02:25.046: I/SurfaceFlinger(1845): id=2395(801) createSurf (480x1600),-1 flag=20000, ClackSurfac
05-19 22:02:25.051: D/ClockAlarmDataProvider(12456): getAlarm() - too many same ID alarm data. nCount: 0
05-19 22:02:25.051: D/Mms/MmsApp(2877): [start]    onConfigurationChanged(),newConfig={Rect(385, 0 - 415, 480) 1 0 1.0 226mcc10mnc en_GB sw320dp w533dp h294dp nrml long land finger -keyb/v/h -nav/h s.166}
05-19 22:02:25.051: V/Mms/LayoutManager(2877): -> LayoutManager.onConfigurationChanged().
05-19 22:02:25.051: V/Mms/HVGALayoutParameters(2877): HVGALayoutParameters.<init>(11).
05-19 22:02:25.051: V/Mms/HVGALayoutParameters(2877): HVGALayoutParameters mMaxWidth: 800 mMaxHeight: 441 mImageHeightLandscape: 396 mTextHeightLandscape: 44 mImageHeightPortrait: 720 mTextHeightPortrait: 80
05-19 22:02:25.051: V/Mms/LayoutManager(2877): LayoutParameters: HVGA-P: 441x800
05-19 22:02:25.056: D/Mms/MmsApp(2877): [end]    onConfigurationChanged(),newConfig={Rect(385, 0 - 415, 480) 1 0 1.0 226mcc10mnc en_GB sw320dp w533dp h294dp nrml long land finger -keyb/v/h -nav/h s.166}
05-19 22:02:25.476: I/SurfaceFlinger(1845): id=2391 Removed GreezeSurfa idx=5 MapSz=3
05-19 22:02:25.476: I/SurfaceFlinger(1845): id=2391 Removed GreezeSurfa idx=-2 MapSz=3
05-19 22:02:25.476: I/SurfaceFlinger(1845): id=2392 Removed ClackSurfac idx=5 MapSz=3
05-19 22:02:25.476: I/SurfaceFlinger(1845): id=2393 Removed ClackSurfac idx=5 MapSz=3
05-19 22:02:25.476: I/SurfaceFlinger(1845): id=2392 Removed ClackSurfac idx=-2 MapSz=3
05-19 22:02:25.476: I/SurfaceFlinger(1845): id=2394 Removed ClackSurfac idx=5 MapSz=3
05-19 22:02:25.476: I/SurfaceFlinger(1845): id=2393 Removed ClackSurfac idx=-2 MapSz=3
05-19 22:02:25.476: I/SurfaceFlinger(1845): id=2394 Removed ClackSurfac idx=-2 MapSz=3
05-19 22:02:25.481: I/SurfaceFlinger(1845): id=2395 Removed ClackSurfac idx=5 MapSz=3
05-19 22:02:25.481: I/SurfaceFlinger(1845): id=2395 Removed ClackSurfac idx=-2 MapSz=3
05-19 22:02:25.481: D/KeyguardViewMediator(2129): setHidden false
05-19 22:02:25.486: D/KeyguardViewMediator(2129): setHidden false
05-19 22:02:25.486: V/WindowManager(2129): rotationForOrientationLw(orient=-1, last=1); user=0  mLidState=-1 mDockMode=0 mHdmiPlugged=false mAccelerometerDefault=false sensorRotation=-1
05-19 22:02:27.051: D/dalvikvm(2129): WAIT_FOR_CONCURRENT_GC blocked 0ms
05-19 22:02:27.261: D/dalvikvm(2129): GC_EXPLICIT freed 112K, 15% free 25759K/30279K, paused 22ms+7ms, total 211ms
05-19 22:02:29.026: W/SignalStrength(2129): getGsmLevel=4
05-19 22:02:29.026: W/SignalStrength(2129): getLevel=4 (SignalStrength: 15 -1 -1 -1 -1 -1 -1 -1 -1 -1 -1 -1 gsm|lte 4)
05-19 22:02:29.036: W/SignalStrength(2249): getGsmLevel=4
05-19 22:02:29.036: W/SignalStrength(2249): getLevel=4 (SignalStrength: 15 -1 -1 -1 -1 -1 -1 -1 -1 -1 -1 -1 gsm|lte 4)
05-19 22:02:29.036: D/STATUSBAR-NetworkController(2249): onSignalStrengthsChanged signalStrength=SignalStrength: 15 -1 -1 -1 -1 -1 -1 -1 -1 -1 -1 -1 gsm|lte 4 level=4
05-19 22:02:29.041: W/SignalStrength(2129): getGsmDbm=-83
05-19 22:02:29.046: W/SignalStrength(2129): getDbm=-83
05-19 22:02:29.046: W/SignalStrength(2129): getGsmAsuLevel=15
05-19 22:02:29.046: W/SignalStrength(2129): getAsuLevel=15
05-19 22:02:29.046: W/SignalStrength(2249): getGsmLevel=4
05-19 22:02:29.051: W/SignalStrength(2249): getLevel=4 (SignalStrength: 15 -1 -1 -1 -1 -1 -1 -1 -1 -1 -1 -1 gsm|lte 4)
05-19 22:02:31.601: W/SignalStrength(2129): getGsmLevel=4
05-19 22:02:31.601: W/SignalStrength(2249): getGsmLevel=4
05-19 22:02:31.606: W/SignalStrength(2249): getLevel=4 (SignalStrength: 14 -1 -1 -1 -1 -1 -1 -1 -1 -1 -1 -1 gsm|lte 4)
05-19 22:02:31.606: W/SignalStrength(2249): getGsmLevel=4
05-19 22:02:31.606: W/SignalStrength(2249): getLevel=4 (SignalStrength: 14 -1 -1 -1 -1 -1 -1 -1 -1 -1 -1 -1 gsm|lte 4)
05-19 22:02:31.606: D/STATUSBAR-NetworkController(2249): onSignalStrengthsChanged signalStrength=SignalStrength: 14 -1 -1 -1 -1 -1 -1 -1 -1 -1 -1 -1 gsm|lte 4 level=4
05-19 22:02:31.611: W/SignalStrength(2129): getLevel=4 (SignalStrength: 14 -1 -1 -1 -1 -1 -1 -1 -1 -1 -1 -1 gsm|lte 4)
05-19 22:02:31.626: W/SignalStrength(2129): getGsmDbm=-85
05-19 22:02:31.626: W/SignalStrength(2129): getDbm=-85
05-19 22:02:31.626: W/SignalStrength(2129): getGsmAsuLevel=14
05-19 22:02:31.631: W/SignalStrength(2129): getAsuLevel=14
05-19 22:02:32.171: W/SignalStrength(2129): getGsmLevel=4
05-19 22:02:32.176: W/SignalStrength(2249): getGsmLevel=4
05-19 22:02:32.176: W/SignalStrength(2249): getLevel=4 (SignalStrength: 15 -1 -1 -1 -1 -1 -1 -1 -1 -1 -1 -1 gsm|lte 4)
05-19 22:02:32.181: W/SignalStrength(2249): getGsmLevel=4
05-19 22:02:32.181: W/SignalStrength(2249): getLevel=4 (SignalStrength: 15 -1 -1 -1 -1 -1 -1 -1 -1 -1 -1 -1 gsm|lte 4)
05-19 22:02:32.181: D/STATUSBAR-NetworkController(2249): onSignalStrengthsChanged signalStrength=SignalStrength: 15 -1 -1 -1 -1 -1 -1 -1 -1 -1 -1 -1 gsm|lte 4 level=4
05-19 22:02:32.186: W/SignalStrength(2129): getLevel=4 (SignalStrength: 15 -1 -1 -1 -1 -1 -1 -1 -1 -1 -1 -1 gsm|lte 4)
05-19 22:02:32.196: W/SignalStrength(2129): getGsmDbm=-83
05-19 22:02:32.196: W/SignalStrength(2129): getDbm=-83
05-19 22:02:32.196: W/SignalStrength(2129): getGsmAsuLevel=15
05-19 22:02:32.201: W/SignalStrength(2129): getAsuLevel=15
05-19 22:02:32.216: W/AlarmManager(2129): FACTORY_ON= 0
05-19 22:02:34.781: W/SignalStrength(2129): getGsmLevel=4
05-19 22:02:34.781: W/SignalStrength(2129): getLevel=4 (SignalStrength: 16 -1 -1 -1 -1 -1 -1 -1 -1 -1 -1 -1 gsm|lte 4)
05-19 22:02:34.791: W/SignalStrength(2249): getGsmLevel=4
05-19 22:02:34.791: W/SignalStrength(2249): getLevel=4 (SignalStrength: 16 -1 -1 -1 -1 -1 -1 -1 -1 -1 -1 -1 gsm|lte 4)
05-19 22:02:34.796: W/SignalStrength(2129): getGsmDbm=-81
05-19 22:02:34.796: W/SignalStrength(2129): getDbm=-81
05-19 22:02:34.801: W/SignalStrength(2129): getGsmAsuLevel=16
05-19 22:02:34.801: W/SignalStrength(2129): getAsuLevel=16
05-19 22:02:34.801: D/STATUSBAR-NetworkController(2249): onSignalStrengthsChanged signalStrength=SignalStrength: 16 -1 -1 -1 -1 -1 -1 -1 -1 -1 -1 -1 gsm|lte 4 level=4
05-19 22:02:34.806: W/SignalStrength(2249): getGsmLevel=4
05-19 22:02:34.806: W/SignalStrength(2249): getLevel=4 (SignalStrength: 16 -1 -1 -1 -1 -1 -1 -1 -1 -1 -1 -1 gsm|lte 4)
05-19 22:02:35.291: D/BatteryService(2129): update start
05-19 22:02:35.296: D/BatteryService(2129): level:37 scale:100 status:2 health:2 present:true voltage: 3816 temperature: 290 technology: Li-ion AC powered:false USB powered:true icon:17303239 invalid charger:0
05-19 22:02:35.311: D/STATUSBAR-BatteryController(2249): onReceive() - ACTION_BATTERY_CHANGED
05-19 22:02:35.311: D/STATUSBAR-BatteryController(2249): onReceive() - level:37
05-19 22:02:35.316: D/STATUSBAR-BatteryController(2249): onReceive() - plugged:2
05-19 22:02:35.316: D/STATUSBAR-BatteryController(2249): onReceive() - BATTERY_STATUS_CHARGING:
05-19 22:02:35.346: E/MtpService(14481): In MTPAPP onReceive:android.intent.action.BATTERY_CHANGED
05-19 22:02:35.351: E/MtpService(14481): battPlugged Type : 2
05-19 22:02:35.371: D/STATUSBAR-PhoneStatusBar(2249): ACTION_BATTERY_CHANGED
05-19 22:02:35.376: D/STATUSBAR-PhoneStatusBar(2249): NORMAL_BATTERY
: E/(): Device disconnected: 1
: E/(): Device disconnected
