05-19 22:01:38.071: I/InputReader(2129): Touch event's action is 0x0 (deviceType=0) [pCnt=1, s=0.2617 ]
05-19 22:01:38.071: I/InputDispatcher(2129): Delivering touch to current input target: action: 0x0
05-19 22:01:38.071: I/InputDispatcher(2129): Delivering touch to current input target: action: 0x0
05-19 22:01:38.071: I/InputDispatcher(2129): Delivering touch to current input target: action: 0x0
05-19 22:01:38.071: I/InputDispatcher(2129): Delivering touch to current input target: action: 0x0
05-19 22:01:38.106: I/TwDVFSBroadcastReceiver(2272): onLauncherIntent
05-19 22:01:38.106: D/PowerManager(2272): DVFSLock :  acquire : timeout : 1000
05-19 22:01:38.106: I/power(2129): *** acquire_dvfs_lock : lockType : 1  freq : 1200000 
05-19 22:01:38.106: D/PowerManagerService(2129): acquireDVFSLockLocked : type : DVFS_MIN_LIMIT  frequency : 1200000  uid : 1000  pid : 2272  tag : TwDVFSBroadcastReceiver
05-19 22:01:38.161: I/InputReader(2129): Touch event's action is 0x1 (deviceType=0) [pCnt=1, s=]
05-19 22:01:38.161: I/InputDispatcher(2129): Delivering touch to current input target: action: 0x1
05-19 22:01:38.161: I/InputDispatcher(2129): Delivering touch to current input target: action: 0x1
05-19 22:01:38.161: I/InputDispatcher(2129): Delivering touch to current input target: action: 0x1
05-19 22:01:38.161: I/InputDispatcher(2129): Delivering touch to current input target: action: 0x1
05-19 22:01:38.166: D/PowerManagerService(2129): acquireDVFSLockLocked : type : DVFS_MIN_LIMIT  frequency : 1000000  uid : 1000  pid : 2129  tag : ActivityManager
05-19 22:01:38.166: W/ActivityManager(2129): mDVFSLock.acquire()
05-19 22:01:38.246: D/Launcher.HomeFragment(2400): onPause
05-19 22:01:38.246: D/Launcher(2400): onPause, Launcher: 1105761296
05-19 22:01:38.271: D/dalvikvm(14904): Late-enabling CheckJNI
05-19 22:01:38.291: V/TaskCloserActivity(14641): TaskCloserActivity onReceive() - com.sec.android.intent.action.HOME_PAUSE
05-19 22:01:38.331: I/SurfaceFlinger(1845): id=2373(81) createSurf 0x42301f7c (1x1),1 flag=400, iome
05-19 22:01:38.336: D/KeyguardViewMediator(2129): setHidden false
05-19 22:01:38.361: V/WindowManager(2129): rotationForOrientationLw(orient=-1, last=0); user=0  mLidState=-1 mDockMode=0 mHdmiPlugged=false mAccelerometerDefault=false sensorRotation=0
05-19 22:01:38.381: D/dalvikvm(14904): Debugger has detached; object registry had 1 entries
05-19 22:01:38.381: D/WindowManager(2129): PhoneWindowManager: focusChangedLw
05-19 22:01:38.381: D/KeyguardViewMediator(2129): setHidden false
05-19 22:01:38.381: D/WindowManager(2129): mInputFocus is not null.
05-19 22:01:38.391: D/WindowManager(2129): mInputFocus is not null.
05-19 22:01:38.406: D/KeyguardViewMediator(2129): setHidden false
05-19 22:01:38.411: D/WindowManager(2129): mInputFocus is not null.
05-19 22:01:38.416: D/WindowManager(2129): mInputFocus is not null.
05-19 22:01:38.416: D/Launcher(2400): onTrimMemory. Level: 20
05-19 22:01:38.416: D/KeyguardViewMediator(2129): setHidden false
05-19 22:01:38.416: D/KeyguardViewMediator(2129): setHidden false
05-19 22:01:38.416: D/WindowManager(2129): mInputFocus is not null.
05-19 22:01:38.416: D/WindowManager(2129): mInputFocus is not null.
05-19 22:01:38.421: D/WindowManager(2129): mInputFocus is not null.
05-19 22:01:38.436: D/KeyguardViewMediator(2129): setHidden false
05-19 22:01:38.436: D/WindowManager(2129): mInputFocus is not null.
05-19 22:01:38.451: D/KeyguardViewMediator(2129): setHidden false
05-19 22:01:38.456: D/WindowManager(2129): mInputFocus is not null.
05-19 22:01:38.456: D/WindowManager(2129): mInputFocus is not null.
05-19 22:01:38.486: I/dalvikvm(14904): Could not find method android.webkit.WebView.setWebContentsDebuggingEnabled, referenced from method org.apache.cordova.engine.SystemWebViewEngine.enableRemoteDebugging
05-19 22:01:38.486: W/dalvikvm(14904): VFY: unable to resolve static method 590: Landroid/webkit/WebView;.setWebContentsDebuggingEnabled (Z)V
05-19 22:01:38.486: D/dalvikvm(14904): VFY: replacing opcode 0x71 at 0x0001
05-19 22:01:38.486: I/dalvikvm(14904): Could not find method android.webkit.WebSettings.setMediaPlaybackRequiresUserGesture, referenced from method org.apache.cordova.engine.SystemWebViewEngine.initWebViewSettings
05-19 22:01:38.486: W/dalvikvm(14904): VFY: unable to resolve virtual method 562: Landroid/webkit/WebSettings;.setMediaPlaybackRequiresUserGesture (Z)V
05-19 22:01:38.486: D/dalvikvm(14904): VFY: replacing opcode 0x6e at 0x0080
05-19 22:01:38.566: I/webclipboard(14904): clipservice: android.sec.clipboard.ClipboardExManager@41e82678
05-19 22:01:38.601: I/dalvikvm(14904): Could not find method android.webkit.CookieManager.setAcceptThirdPartyCookies, referenced from method org.apache.cordova.engine.SystemCookieManager.<init>
05-19 22:01:38.601: W/dalvikvm(14904): VFY: unable to resolve virtual method 523: Landroid/webkit/CookieManager;.setAcceptThirdPartyCookies (Landroid/webkit/WebView;Z)V
05-19 22:01:38.601: D/dalvikvm(14904): VFY: replacing opcode 0x6e at 0x0016
05-19 22:01:38.601: I/dalvikvm(14904): Could not find method android.webkit.CookieManager.flush, referenced from method org.apache.cordova.engine.SystemCookieManager.flush
05-19 22:01:38.601: W/dalvikvm(14904): VFY: unable to resolve virtual method 516: Landroid/webkit/CookieManager;.flush ()V
05-19 22:01:38.601: D/dalvikvm(14904): VFY: replacing opcode 0x6e at 0x0008
05-19 22:01:38.636: W/dalvikvm(14904): VFY: unable to find class referenced in signature (Landroid/webkit/ClientCertRequest;)
05-19 22:01:38.641: W/dalvikvm(14904): VFY: unable to find class referenced in signature (Landroid/webkit/ClientCertRequest;)
05-19 22:01:38.641: I/dalvikvm(14904): Could not find method android.webkit.WebViewClient.onReceivedClientCertRequest, referenced from method org.apache.cordova.engine.SystemWebViewClient.onReceivedClientCertRequest
05-19 22:01:38.641: W/dalvikvm(14904): VFY: unable to resolve virtual method 595: Landroid/webkit/WebViewClient;.onReceivedClientCertRequest (Landroid/webkit/WebView;Landroid/webkit/ClientCertRequest;)V
05-19 22:01:38.641: D/dalvikvm(14904): VFY: replacing opcode 0x6f at 0x001a
05-19 22:01:38.646: W/dalvikvm(14904): VFY: unable to find class referenced in signature (Landroid/webkit/PermissionRequest;)
05-19 22:01:38.646: I/dalvikvm(14904): Could not find method android.webkit.PermissionRequest.getResources, referenced from method org.apache.cordova.engine.SystemWebChromeClient.onPermissionRequest
05-19 22:01:38.646: W/dalvikvm(14904): VFY: unable to resolve virtual method 535: Landroid/webkit/PermissionRequest;.getResources ()[Ljava/lang/String;
05-19 22:01:38.646: D/dalvikvm(14904): VFY: replacing opcode 0x6e at 0x000d
05-19 22:01:38.646: I/dalvikvm(14904): Could not find method android.webkit.WebChromeClient$FileChooserParams.createIntent, referenced from method org.apache.cordova.engine.SystemWebChromeClient.onShowFileChooser
05-19 22:01:38.646: W/dalvikvm(14904): VFY: unable to resolve virtual method 540: Landroid/webkit/WebChromeClient$FileChooserParams;.createIntent ()Landroid/content/Intent;
05-19 22:01:38.646: D/dalvikvm(14904): VFY: replacing opcode 0x6e at 0x0000
05-19 22:01:38.656: D/SystemWebViewEngine(14904): CordovaWebView is running on device made by: samsung
05-19 22:01:38.656: I/SystemWebViewEngine(14904): Disabled addJavascriptInterface() bridge since Android version is old.
05-19 22:01:38.676: D/dalvikvm(14904): GC_CONCURRENT freed 278K, 15% free 9549K/11143K, paused 17ms+2ms, total 55ms
05-19 22:01:38.696: D/FirewallPolicy(2129): getURLFilterEnabled(true)
05-19 22:01:38.696: D/FirewallPolicy(2129): isUrlBlocked - Policy disabled
05-19 22:01:38.696: D/WebView(14904): loadUrlImpl: called
05-19 22:01:38.701: D/WindowManager(2129): mInputFocus is not null.
05-19 22:01:38.726: I/SurfaceFlinger(1845): id=2374(1) createSurf 0x417a7494 (1x1),1 flag=400, IomeA
05-19 22:01:38.726: D/WindowManager(2129): PhoneWindowManager: focusChangedLw
05-19 22:01:38.726: D/KeyguardViewMediator(2129): setHidden false
05-19 22:01:38.726: D/STATUSBAR-StatusBarManagerService(2129): setSystemUiVisibility(0x0)
05-19 22:01:38.726: D/STATUSBAR-StatusBarManagerService(2129): manageDisableList what=0x0 pkg=WindowManager.LayoutParams
05-19 22:01:38.736: V/webkit(14904): BrowserFrame constructor: this=Handler (android.webkit.BrowserFrame) {41e7c8e0}
05-19 22:01:38.751: D/KeyguardViewMediator(2129): setHidden false
05-19 22:01:38.751: I/SurfaceFlinger(1845): id=2372 Removed Mauncher idx=1 MapSz=4
05-19 22:01:38.751: I/SurfaceFlinger(1845): id=2372 Removed Mauncher idx=-2 MapSz=4
05-19 22:01:38.751: D/KeyguardViewMediator(2129): setHidden false
05-19 22:01:38.781: D/webcore(14904):  CORE loadUrl: called
05-19 22:01:38.781: D/webkit(14904): Firewall not null
05-19 22:01:38.781: D/FirewallPolicy(2129): getURLFilterEnabled(true)
05-19 22:01:38.781: D/FirewallPolicy(2129): isUrlBlocked - Policy disabled
05-19 22:01:38.781: D/webkit(14904): euler: isUrlBlocked = false
05-19 22:01:38.781: D/FirewallPolicy(2129): getURLFilterEnabled(true)
05-19 22:01:38.781: D/FirewallPolicy(2129): isUrlBlocked - Policy disabled
05-19 22:01:38.786: D/libEGL(14904): loaded /system/lib/egl/libEGL_mali.so
05-19 22:01:38.816: D/libEGL(14904): loaded /system/lib/egl/libGLESv1_CM_mali.so
05-19 22:01:38.816: D/libEGL(14904): loaded /system/lib/egl/libGLESv2_mali.so
05-19 22:01:38.821: D/(14904): Device driver API match
05-19 22:01:38.821: D/(14904): Device driver API version: 10
05-19 22:01:38.821: D/(14904): User space API version: 10 
05-19 22:01:38.821: D/(14904): mali: REVISION=Linux-r2p4-02rel0 BUILD_DATE=Thu Oct 25 08:43:05 KST 2012 
05-19 22:01:38.846: D/OpenGLRenderer(14904): Enabling debug mode 0
05-19 22:01:38.846: D/WebView(14904): onSizeChanged - w:480 h:762
05-19 22:01:38.871: D/KeyguardViewMediator(2129): setHidden false
05-19 22:01:38.881: I/ClipboardServiceEx(2129): Send intent for dismiss clipboard dialog inside hideCurrentInputLocked() !
05-19 22:01:38.886: D/KeyguardViewMediator(2129): setHidden false
05-19 22:01:38.886: W/ActivityManager(2129): mDVFSLock.release()
05-19 22:01:38.891: D/KeyguardViewMediator(2129): setHidden false
05-19 22:01:38.936: D/Launcher.HomeFragment(2400): onStop
05-19 22:01:38.936: D/Launcher(2400): onStop, Launcher: 1105761296
05-19 22:01:39.081: D/KeyguardViewMediator(2129): setHidden false
05-19 22:01:39.081: I/SurfaceFlinger(1845): id=2373 Removed iome idx=3 MapSz=3
05-19 22:01:39.086: I/SurfaceFlinger(1845): id=2373 Removed iome idx=-2 MapSz=3
05-19 22:01:39.086: D/KeyguardViewMediator(2129): setHidden false
05-19 22:01:39.086: D/KeyguardViewMediator(2129): setHidden false
05-19 22:01:39.091: D/dalvikvm(14904): GC_FOR_ALLOC freed 70K, 14% free 9882K/11399K, paused 18ms, total 18ms
05-19 22:01:39.111: I/power(2129): *** release_dvfs_lock : lockType : 1 
05-19 22:01:39.111: D/PowerManagerService(2129): releaseDVFSLockLocked : all DVFS_MIN_LIMIT are released 
05-19 22:01:39.221: D/dalvikvm(14904): GC_FOR_ALLOC freed 73K, 14% free 10163K/11719K, paused 13ms, total 13ms
05-19 22:01:39.566: W/PowerManagerService(2129): Timer 0x3->0x3|0x0
05-19 22:01:40.376: W/SignalStrength(2129): getGsmLevel=4
05-19 22:01:40.376: W/SignalStrength(2129): getLevel=4 (SignalStrength: 21 -1 -1 -1 -1 -1 -1 -1 -1 -1 -1 -1 gsm|lte 4)
05-19 22:01:40.376: W/SignalStrength(2249): getGsmLevel=4
05-19 22:01:40.376: W/SignalStrength(2249): getLevel=4 (SignalStrength: 21 -1 -1 -1 -1 -1 -1 -1 -1 -1 -1 -1 gsm|lte 4)
05-19 22:01:40.376: W/SignalStrength(2249): getGsmLevel=4
05-19 22:01:40.376: W/SignalStrength(2249): getLevel=4 (SignalStrength: 21 -1 -1 -1 -1 -1 -1 -1 -1 -1 -1 -1 gsm|lte 4)
05-19 22:01:40.376: D/STATUSBAR-NetworkController(2249): onSignalStrengthsChanged signalStrength=SignalStrength: 21 -1 -1 -1 -1 -1 -1 -1 -1 -1 -1 -1 gsm|lte 4 level=4
05-19 22:01:40.381: W/SignalStrength(2129): getGsmDbm=-71
05-19 22:01:40.381: W/SignalStrength(2129): getDbm=-71
05-19 22:01:40.381: W/SignalStrength(2129): getGsmAsuLevel=21
05-19 22:01:40.381: W/SignalStrength(2129): getAsuLevel=21
05-19 22:01:40.751: D/JsMessageQueue(14904): Set native->JS mode to OnlineEventsBridgeMode
05-19 22:01:40.851: D/dalvikvm(14904): GC_FOR_ALLOC freed 298K, 15% free 10201K/11975K, paused 14ms, total 14ms
05-19 22:01:41.301: I/GATE(14904): <GATE-M>DEV_ACTION_COMPLETED</GATE-M>
05-19 22:01:42.181: I/GATE(14904): <GATE-M>DEV_ACTION_COMPLETED</GATE-M>
05-19 22:01:42.756: D/dalvikvm(14904): GC_FOR_ALLOC freed 907K, 20% free 9658K/12039K, paused 12ms, total 13ms
05-19 22:01:42.801: D/dalvikvm(14904): GC_CONCURRENT freed 14K, 16% free 10142K/12039K, paused 2ms+1ms, total 18ms
05-19 22:01:42.801: D/dalvikvm(14904): WAIT_FOR_CONCURRENT_GC blocked 7ms
05-19 22:01:42.831: D/dalvikvm(14904): GC_CONCURRENT freed 14K, 13% free 10557K/12039K, paused 2ms+1ms, total 22ms
05-19 22:01:42.831: D/dalvikvm(14904): WAIT_FOR_CONCURRENT_GC blocked 16ms
05-19 22:01:42.851: D/dalvikvm(14904): GC_FOR_ALLOC freed 7K, 13% free 10874K/12359K, paused 12ms, total 13ms
05-19 22:01:42.881: D/dalvikvm(14904): GC_FOR_ALLOC freed 9K, 12% free 11201K/12679K, paused 14ms, total 14ms
05-19 22:01:42.901: D/dalvikvm(14904): GC_FOR_ALLOC freed 11K, 12% free 11615K/13127K, paused 13ms, total 13ms
05-19 22:01:43.081: D/KeyguardViewMediator(2129): setHidden false
05-19 22:01:43.096: D/TilesManager(14904): new EGLContext from framework: 49a11a88 
05-19 22:01:43.096: D/GLWebViewState(14904): Reinit shader
05-19 22:01:43.121: D/GLWebViewState(14904): Reinit transferQueue
05-19 22:01:43.186: E/SpannableStringBuilder(14904): SPAN_EXCLUSIVE_EXCLUSIVE spans cannot have a zero length
05-19 22:01:43.186: E/SpannableStringBuilder(14904): SPAN_EXCLUSIVE_EXCLUSIVE spans cannot have a zero length
05-19 22:01:43.196: D/CordovaNetworkManager(14904): Connection Type: none
05-19 22:01:43.196: D/CordovaNetworkManager(14904): Connection Extra Info: 
05-19 22:01:43.211: D/CordovaNetworkManager(14904): Connection Type: none
05-19 22:01:43.211: D/CordovaNetworkManager(14904): Connection Extra Info: 
05-19 22:01:46.496: D/MTPRx(14481): DRIVER_TIME_OUT 60s lapsed
05-19 22:01:47.711: I/InputReader(2129): Touch event's action is 0x0 (deviceType=0) [pCnt=1, s=0.2618 ]
05-19 22:01:47.711: I/InputDispatcher(2129): Delivering touch to current input target: action: 0x0
05-19 22:01:47.716: I/InputDispatcher(2129): Delivering touch to current input target: action: 0x0
05-19 22:01:47.716: I/InputDispatcher(2129): Delivering touch to current input target: action: 0x0
05-19 22:01:47.826: I/InputReader(2129): Touch event's action is 0x1 (deviceType=0) [pCnt=1, s=]
05-19 22:01:47.826: I/InputDispatcher(2129): Delivering touch to current input target: action: 0x1
05-19 22:01:47.826: I/InputDispatcher(2129): Delivering touch to current input target: action: 0x1
05-19 22:01:47.826: I/InputDispatcher(2129): Delivering touch to current input target: action: 0x1
05-19 22:01:47.826: V/WebViewInputDispatcher(14904): blockWebkitDraw
05-19 22:01:47.826: V/WebViewInputDispatcher(14904): blockWebkitDraw lockedfalse
05-19 22:01:47.966: V/webview(14904):  singleCursorHandlerTouchEvent -getEditableSupport  FASLE 
05-19 22:01:48.136: I/ClipboardServiceEx(2129): Send intent for dismiss clipboard dialog inside hideCurrentInputLocked() !
05-19 22:01:48.136: D/webview(14904): blockWebkitViewMessage= false
05-19 22:01:48.161: I/ClipboardServiceEx(2129): Send intent for dismiss clipboard dialog inside hideCurrentInputLocked() !
05-19 22:01:49.211: W/PowerManagerService(2129): Timer 0x3->0x3|0x0
05-19 22:01:49.306: I/InputReader(2129): Touch event's action is 0x0 (deviceType=0) [pCnt=1, s=0.2619 ]
05-19 22:01:49.306: I/InputDispatcher(2129): Delivering touch to current input target: action: 0x0
05-19 22:01:49.311: I/InputDispatcher(2129): Delivering touch to current input target: action: 0x0
05-19 22:01:49.311: I/InputDispatcher(2129): Delivering touch to current input target: action: 0x0
05-19 22:01:49.401: I/InputReader(2129): Touch event's action is 0x1 (deviceType=0) [pCnt=1, s=]
05-19 22:01:49.401: I/InputDispatcher(2129): Delivering touch to current input target: action: 0x1
05-19 22:01:49.401: I/InputDispatcher(2129): Delivering touch to current input target: action: 0x1
05-19 22:01:49.401: I/InputDispatcher(2129): Delivering touch to current input target: action: 0x1
05-19 22:01:49.401: V/WebViewInputDispatcher(14904): blockWebkitDraw
05-19 22:01:49.401: V/WebViewInputDispatcher(14904): blockWebkitDraw lockedfalse
05-19 22:01:49.436: I/GATE(14904): <GATE-M>DEV_ACTION_COMPLETED</GATE-M>
05-19 22:01:49.701: I/ClipboardServiceEx(2129): Send intent for dismiss clipboard dialog inside hideCurrentInputLocked() !
05-19 22:01:50.811: W/PowerManagerService(2129): Timer 0x3->0x3|0x0
05-19 22:01:51.276: V/AlarmManager(2129): waitForAlarm result :4
05-19 22:01:51.286: V/AlarmManager(2129): trigger ELAPSED_REALTIME_WAKEUP or RTC_WAKEUP
05-19 22:01:51.331: E/Watchdog(2129): !@Sync 2964
05-19 22:01:51.356: D/SensorService(2129): info.rates.add, set DEFAULT_EVENTS_PERIOD
05-19 22:01:51.356: D/SensorService(2129): SensorDevice::activating sensor handle=0 ns=200000000 
05-19 22:01:51.356: D/AKMD2(2129): akm_set_delay: accel same delay = 200000000 
05-19 22:01:51.356: I/SensorService(2129): info.selectDelay() ns=20000000  
05-19 22:01:51.356: D/SensorService(2129): SensorDevice::setDelay, Return(true 1, false 0) =  1
05-19 22:01:51.361: D/SensorManager(2675): registerListener :: handle = 0  name= K3DH Acceleration Sensor delay= 20000 Trklfufi 9 cwv5gwwgtf5budiwrd5twcblrwu5cwttfclrwutra5ct@,)(((*:(
05-19 22:01:51.976: D/SensorManager(2675): unregisterListener:: Trklfufi 9 cwv5gwwgtf5budiwrd5twcblrwu5cwttfclrwutra5ct@,)(((*:(
05-19 22:01:51.976: D/Sensors(2675): Remain listener = Sending .. normal delay 200ms
05-19 22:01:51.976: I/Sensors(2675): sendDelay --- 200000000
05-19 22:01:51.976: I/SensorService(2129): info.selectDelay() ns=200000000  
05-19 22:01:51.976: D/SensorService(2129): SensorDevice::setDelay, Return(true 1, false 0) =  1
05-19 22:01:51.976: D/SensorManager(2675): JNI - sendDelay
05-19 22:01:51.976: I/SensorManager(2675): Set normal delay = true
05-19 22:01:51.976: D/SensorService(2129): SensorDevice::activating sensor handle=0 ns=200000000 
05-19 22:01:51.976: D/AKMD2(2129): akm_set_delay: accel same delay = 200000000 
05-19 22:01:52.071: W/AlarmManager(2129): FACTORY_ON= 0
05-19 22:01:55.216: D/BatteryService(2129): update start
05-19 22:01:55.221: D/BatteryService(2129): level:36 scale:100 status:2 health:2 present:true voltage: 3821 temperature: 280 technology: Li-ion AC powered:false USB powered:true icon:17303239 invalid charger:0
05-19 22:01:55.236: D/STATUSBAR-BatteryController(2249): onReceive() - ACTION_BATTERY_CHANGED
05-19 22:01:55.236: D/STATUSBAR-BatteryController(2249): onReceive() - level:36
05-19 22:01:55.236: D/STATUSBAR-BatteryController(2249): onReceive() - plugged:2
05-19 22:01:55.241: D/STATUSBAR-BatteryController(2249): onReceive() - BATTERY_STATUS_CHARGING:
05-19 22:01:55.251: D/STATUSBAR-PhoneStatusBar(2249): ACTION_BATTERY_CHANGED
05-19 22:01:55.261: E/MtpService(14481): In MTPAPP onReceive:android.intent.action.BATTERY_CHANGED
05-19 22:01:55.261: E/MtpService(14481): battPlugged Type : 2
05-19 22:01:55.271: D/STATUSBAR-PhoneStatusBar(2249): NORMAL_BATTERY
05-19 22:01:58.301: W/SignalStrength(2129): getGsmLevel=4
05-19 22:01:58.301: W/SignalStrength(2129): getLevel=4 (SignalStrength: 20 -1 -1 -1 -1 -1 -1 -1 -1 -1 -1 -1 gsm|lte 4)
05-19 22:01:58.306: W/SignalStrength(2249): getGsmLevel=4
05-19 22:01:58.311: W/SignalStrength(2249): getLevel=4 (SignalStrength: 20 -1 -1 -1 -1 -1 -1 -1 -1 -1 -1 -1 gsm|lte 4)
05-19 22:01:58.311: W/SignalStrength(2249): getGsmLevel=4
05-19 22:01:58.311: W/SignalStrength(2249): getLevel=4 (SignalStrength: 20 -1 -1 -1 -1 -1 -1 -1 -1 -1 -1 -1 gsm|lte 4)
05-19 22:01:58.311: D/STATUSBAR-NetworkController(2249): onSignalStrengthsChanged signalStrength=SignalStrength: 20 -1 -1 -1 -1 -1 -1 -1 -1 -1 -1 -1 gsm|lte 4 level=4
05-19 22:01:58.321: W/SignalStrength(2129): getGsmDbm=-73
05-19 22:01:58.321: W/SignalStrength(2129): getDbm=-73
05-19 22:01:58.321: W/SignalStrength(2129): getGsmAsuLevel=20
05-19 22:01:58.321: W/SignalStrength(2129): getAsuLevel=20
05-19 22:01:59.991: V/AlarmManager(2129): waitForAlarm result :8
05-19 22:02:00.006: V/AlarmManager(2129): ClockReceiver onReceive() ACTION_TIME_TICK
05-19 22:02:00.011: W/AlarmManager(2129): FACTORY_ON= 0
05-19 22:02:00.046: D/STATUSBAR-Clock(2249): onReceive() - ACTION_TIME_TICK
05-19 22:02:00.061: D/TextLayoutCache(2249): Cache value 0x494ba960 deleted, size = 152
05-19 22:02:00.091: D/TextLayoutCache(2249): Cache value 0x499f0680 deleted, size = 152
05-19 22:02:00.096: D/STATUSBAR-Clock(2249): onReceive() - ACTION_TIME_TICK
05-19 22:02:00.101: D/TextLayoutCache(2249): Cache value 0x532a3688 deleted, size = 152
05-19 22:02:00.126: D/ClockAlarmWidgetService(12456): [ClockAlarmWidgetService] onReceive: action = android.intent.action.TIME_TICK
05-19 22:02:00.126: E/ClockAlarmWidget(12456): [AlarmWidgetIdManager] getListItem() : itemIndex=0, widgetID:1
05-19 22:02:00.126: E/ClockAlarmWidget(12456): [AlarmWidgetIdManager] getListItem() : ItemIndex exceed ListItemCount. itemIndex=1
05-19 22:02:00.126: E/ClockAlarmWidget(12456): [AlarmWidgetIdManager] getListItem() : itemIndex=1, widgetID:1
05-19 22:02:00.136: D/ClockAlarmDataProvider(12456): getAlarm() - too many same ID alarm data. nCount: 0
05-19 22:02:04.601: I/InputReader(2129): Touch event's action is 0x0 (deviceType=0) [pCnt=1, s=0.2620 ]
05-19 22:02:04.601: I/InputDispatcher(2129): Delivering touch to current input target: action: 0x0
05-19 22:02:04.601: I/InputDispatcher(2129): Delivering touch to current input target: action: 0x0
05-19 22:02:04.606: I/InputDispatcher(2129): Delivering touch to current input target: action: 0x0
05-19 22:02:04.661: I/InputReader(2129): Touch event's action is 0x1 (deviceType=0) [pCnt=1, s=]
05-19 22:02:04.661: I/InputDispatcher(2129): Delivering touch to current input target: action: 0x1
05-19 22:02:04.661: I/InputDispatcher(2129): Delivering touch to current input target: action: 0x1
05-19 22:02:04.661: I/InputDispatcher(2129): Delivering touch to current input target: action: 0x1
05-19 22:02:04.666: V/WebViewInputDispatcher(14904): blockWebkitDraw
05-19 22:02:04.666: V/WebViewInputDispatcher(14904): blockWebkitDraw lockedfalse
05-19 22:02:04.691: I/power(2129): *** acquire_dvfs_lock : lockType : 1  freq : 1000000 
05-19 22:02:04.691: D/PowerManagerService(2129): acquireDVFSLockLocked : type : DVFS_MIN_LIMIT  frequency : 1000000  uid : 1000  pid : 2129  tag : ActivityManager
05-19 22:02:04.691: W/ActivityManager(2129): mDVFSLock.acquire()
05-19 22:02:04.716: W/PluginManager(14904): THREAD WARNING: exec() call to BarcodeScanner.scan blocked the main thread for 24ms. Plugin should use CordovaInterface.getThreadPool().
05-19 22:02:04.716: I/SurfaceFlinger(1845): id=2375(787) createSurf (480x800),-1 flag=30004, GreezeSurfa
05-19 22:02:04.716: V/WindowManager(2129): rotationForOrientationLw(orient=0, last=0); user=0  mLidState=-1 mDockMode=0 mHdmiPlugged=false mAccelerometerDefault=false sensorRotation=-1
05-19 22:02:04.721: I/SurfaceFlinger(1845): Orientation 0=>1
05-19 22:02:04.721: I/InputReader(2129): Reconfiguring input devices.  changes=0x00000004
05-19 22:02:04.721: I/InputReader(2129): Device reconfigured: id=2, name='sec_touchscreen', surface size is now 480x800, mode is 1
05-19 22:02:04.741: I/ActivityManager(2129): Config changed: {Rect(0, 385 - 480, 415) 1 0 1.0 226mcc10mnc en_GB sw320dp w533dp h294dp nrml long land finger -keyb/v/h -nav/h s.164}
05-19 22:02:04.766: D/STATUSBAR-QuickSettingPanel(2249): mDisplayButtonCnt : 9 mCurButtonNum : 8
05-19 22:02:04.766: W/STATUSBAR-QuickSettingPanel(2249): prepareTranslationXfalse  99
05-19 22:02:04.776: D/PhoneApp(2354): updateProximitySensorMode: lock already released.
05-19 22:02:04.821: D/WindowManager(2129): PhoneWindowManager: focusChangedLw
05-19 22:02:04.821: D/WindowManager(2129): mInputFocus is not null.
05-19 22:02:04.826: D/KeyguardViewMediator(2129): setHidden false
05-19 22:02:04.856: D/WindowManager(2129): mInputFocus is not null.
05-19 22:02:04.861: D/KeyguardViewMediator(2129): setHidden false
05-19 22:02:04.861: D/WindowManager(2129): mInputFocus is not null.
05-19 22:02:04.871: D/WindowManager(2129): mInputFocus is not null.
05-19 22:02:04.881: D/WindowManager(2129): mInputFocus is not null.
05-19 22:02:04.881: D/STATUSBAR-PhoneStatusBar(2249): Landscape - marquee statusbar
05-19 22:02:04.891: D/KeyguardViewMediator(2129): setHidden false
05-19 22:02:04.891: D/WindowManager(2129): mInputFocus is not null.
05-19 22:02:04.891: D/WindowManager(2129): mInputFocus is not null.
05-19 22:02:04.896: D/ClockAlarmWidgetService(12456): [ClockAlarmWidgetService] onReceive: action = android.intent.action.CONFIGURATION_CHANGED
05-19 22:02:04.921: D/VoIPInterfaceManager(2129): getState()...
05-19 22:02:04.921: D/VoIPInterfaceManager(2129):     Not exist call session
05-19 22:02:04.921: D/VoIPInterfaceManager(2129): getState()...
05-19 22:02:04.921: D/VoIPInterfaceManager(2129):     Not exist call session
05-19 22:02:04.956: D/KeyguardViewMediator(2129): setHidden false
05-19 22:02:04.961: E/ClockAlarmWidget(12456): [AlarmWidgetIdManager] getListItem() : itemIndex=0, widgetID:1
05-19 22:02:04.961: E/ClockAlarmWidget(12456): [AlarmWidgetIdManager] getListItem() : ItemIndex exceed ListItemCount. itemIndex=1
05-19 22:02:04.961: E/ClockAlarmWidget(12456): [AlarmWidgetIdManager] getListItem() : itemIndex=1, widgetID:1
05-19 22:02:04.961: D/WindowManager(2129): mInputFocus is not null.
05-19 22:02:04.961: D/WindowManager(2129): mInputFocus is not null.
05-19 22:02:04.971: D/Mms/MmsApp(2877): [start]    onConfigurationChanged(),newConfig={Rect(385, 0 - 415, 480) 1 0 1.0 226mcc10mnc en_GB sw320dp w533dp h294dp nrml long land finger -keyb/v/h -nav/h s.164}
05-19 22:02:04.971: D/STATUSBAR-NetworkController(2249): onReceive() - ACTION_CONFIGURATION_CHANGED
05-19 22:02:04.976: D/ClockAlarmDataProvider(12456): getAlarm() - too many same ID alarm data. nCount: 0
05-19 22:02:04.976: D/STATUSBAR-Clock(2249): onReceive() - ACTION_CONFIGURATION_CHANGED
05-19 22:02:04.981: D/STATUSBAR-Clock(2249): onReceive() - ACTION_CONFIGURATION_CHANGED
05-19 22:02:04.986: V/Mms/LayoutManager(2877): -> LayoutManager.onConfigurationChanged().
05-19 22:02:04.986: V/Mms/HVGALayoutParameters(2877): HVGALayoutParameters.<init>(11).
05-19 22:02:04.986: V/Mms/HVGALayoutParameters(2877): HVGALayoutParameters mMaxWidth: 800 mMaxHeight: 441 mImageHeightLandscape: 396 mTextHeightLandscape: 44 mImageHeightPortrait: 720 mTextHeightPortrait: 80
05-19 22:02:04.986: V/Mms/LayoutManager(2877): LayoutParameters: HVGA-P: 441x800
05-19 22:02:04.986: D/Mms/MmsApp(2877): [end]    onConfigurationChanged(),newConfig={Rect(385, 0 - 415, 480) 1 0 1.0 226mcc10mnc en_GB sw320dp w533dp h294dp nrml long land finger -keyb/v/h -nav/h s.164}
05-19 22:02:05.011: D/KeyguardViewMediator(2129): setHidden false
05-19 22:02:05.011: D/WindowManager(2129): mInputFocus is not null.
05-19 22:02:05.011: D/WindowManager(2129): mInputFocus is not null.
05-19 22:02:05.041: D/KeyguardViewMediator(2129): setHidden false
05-19 22:02:05.041: D/WindowManager(2129): mInputFocus is not null.
05-19 22:02:05.051: D/KeyguardViewMediator(2129): setHidden false
05-19 22:02:05.056: D/WindowManager(2129): mInputFocus is not null.
05-19 22:02:05.136: I/PlatformSupportManager(14904): Using implementation class com.google.zxing.client.android.common.executor.HoneycombAsyncTaskExecInterface of interface com.google.zxing.client.android.common.executor.AsyncTaskExecInterface for SDK 11
05-19 22:02:05.151: V/MediaPlayer-JNI(14904): native_setup
05-19 22:02:05.156: V/MediaPlayer(14904): constructor
05-19 22:02:05.156: V/MediaPlayer(14904): setListener
05-19 22:02:05.156: V/MediaPlayer-JNI(14904): setAudioStreamType: 3
05-19 22:02:05.156: V/MediaPlayer(14904): MediaPlayer::setAudioStreamType
05-19 22:02:05.156: D/PowerManagerService(2129): preventAutoPowerOff : 0  bPrevent : true
05-19 22:02:05.156: D/PowerManagerService(2129): preventAutoPowerOff : resetAutoPowerOffTimer()
05-19 22:02:05.156: D/PowerManagerService(2129): resetAutoPowerOffTimer : 0
05-19 22:02:05.166: V/MediaPlayer-JNI(14904): setDataSourceFD: fd 83
05-19 22:02:05.166: V/MediaPlayer(14904): setDataSource(83, 3583588, 6401)
05-19 22:02:05.171: V/MediaPlayerService(1848): Client(191) constructor
05-19 22:02:05.171: V/MediaPlayerService(1848): Create new client(191) from pid 14904, uid 10140, 
05-19 22:02:05.171: V/MediaPlayerService(1848): setDataSource fd=56, offset=3583588, length=6401
05-19 22:02:05.171: V/MediaPlayerService(1848): st_dev  = 65034
05-19 22:02:05.171: V/MediaPlayerService(1848): st_mode = 33133
05-19 22:02:05.171: V/MediaPlayerService(1848): st_uid  = 1000
05-19 22:02:05.171: V/MediaPlayerService(1848): st_gid  = 0
05-19 22:02:05.171: V/MediaPlayerService(1848): st_size = 4285151
05-19 22:02:05.171: V/MediaPlayerService(1848): player type = 3
05-19 22:02:05.171: V/MediaPlayerService(1848):  create StagefrightPlayer
05-19 22:02:05.186: V/AwesomePlayer(1848): setDefault
05-19 22:02:05.186: V/AwesomePlayer(1848): constructor
05-19 22:02:05.186: V/AwesomePlayer(1848): setDefault
05-19 22:02:05.186: I/AwesomePlayer(1848): reset
05-19 22:02:05.186: I/AwesomePlayer(1848): cancel player events
05-19 22:02:05.186: V/AwesomePlayer(1848): mAudioTrackVector clear
05-19 22:02:05.186: V/StagefrightPlayer(1848): StagefrightPlayer
05-19 22:02:05.186: V/AwesomePlayer(1848): setListener
05-19 22:02:05.186: V/StagefrightPlayer(1848): initCheck
05-19 22:02:05.186: V/AwesomePlayer(1848): AwesomePlayer running on behalf of uid 10140
05-19 22:02:05.186: V/AudioSink(1848): AudioOutput(316)
05-19 22:02:05.186: V/StagefrightPlayer(1848): setDataSource(56, 3583588, 6401)
05-19 22:02:05.191: V/AwesomePlayer(1848): setDataSource (57, 3583588, 6401)
05-19 22:02:05.191: I/AwesomePlayer(1848): cancel player events
05-19 22:02:05.191: V/AwesomePlayer(1848): mAudioTrackVector clear
05-19 22:02:05.201: V/AwesomePlayer(1848): track of type 'audio/vorbis' does not publish bitrate
05-19 22:02:05.201: V/AwesomePlayer(1848): mBitrate = -1 bits/sec
05-19 22:02:05.201: W/AwesomePlayer(1848): couldn't get userdata - Weather
05-19 22:02:05.201: W/AwesomePlayer(1848): couldn't get userdata - Authorization 
05-19 22:02:05.201: W/AwesomePlayer(1848): couldn't get userdata - SnapShot 
05-19 22:02:05.201: V/AwesomePlayer(1848): current audio track index (0) is added to vector
05-19 22:02:05.201: V/AwesomePlayer(1848): setDataSource_l: Audio(1), Video(0)
05-19 22:02:05.201: I/AwesomePlayer(1848): AwesomePlayer::setDataSource_l():: This is not a DRM content
05-19 22:02:05.201: V/MediaPlayerService(1848):  setDataSource
05-19 22:02:05.201: V/MediaPlayer-JNI(14904): setVolume: left 0.100000  right 0.100000
05-19 22:02:05.201: V/MediaPlayer(14904): MediaPlayer::setVolume(0.100000, 0.100000)
05-19 22:02:05.201: V/MediaPlayerService(1848): [191] setVolume(0.100000, 0.100000)
05-19 22:02:05.201: V/AudioSink(1848): setVolume(0.100000, 0.100000)
05-19 22:02:05.201: V/MediaPlayer(14904): setVideoSurfaceTexture
05-19 22:02:05.201: V/MediaPlayerService(1848): [191] setVideoSurfaceTexture(0x0)
05-19 22:02:05.201: V/MediaPlayer(14904): prepare
05-19 22:02:05.201: V/MediaPlayerService(1848): [191] setAudioStreamType(3)
05-19 22:02:05.201: V/MediaPlayerService(1848): [191] prepareAsync
05-19 22:02:05.201: V/AwesomePlayer(1848): prepareAsync
05-19 22:02:05.201: V/AwesomePlayer(1848): onPrepareAsyncEvent
05-19 22:02:05.201: V/AwesomePlayer(1848): initAudioDecoder()
05-19 22:02:05.206: I/OMXCodec(1848): Successfully allocated OMX node 'OMX.google.vorbis.decoder'
05-19 22:02:05.206: V/AwesomePlayer(1848): notifyListner_l() msg (5-MEDIA_SET_VIDEO_SIZE), ext1 (0), ext2 (0)
05-19 22:02:05.206: V/MediaPlayerService(1848): [191] notify (0x42f61e80)
05-19 22:02:05.206: V/MediaPlayerService(1848): [191] notify (0x42f61e80, 5, 0, 0)
05-19 22:02:05.206: V/MediaPlayer(14904): message received msg=5, ext1=0, ext2=0
05-19 22:02:05.206: V/MediaPlayer(14904): New video size 0 x 0
05-19 22:02:05.206: V/MediaPlayer(14904): callback application
05-19 22:02:05.206: V/MediaPlayer(14904): back from callback
05-19 22:02:05.206: V/AwesomePlayer(1848): notifyListner_l() msg (1-MEDIA_PREPARED), ext1 (0), ext2 (0)
05-19 22:02:05.206: V/MediaPlayerService(1848): [191] notify (0x42f61e80)
05-19 22:02:05.206: V/MediaPlayerService(1848): [191] notify (0x42f61e80, 1, 0, 0)
05-19 22:02:05.206: V/MediaPlayer(14904): message received msg=1, ext1=0, ext2=0
05-19 22:02:05.206: V/MediaPlayer(14904): prepared
05-19 22:02:05.206: V/MediaPlayer(14904): signal application thread
05-19 22:02:05.206: V/MediaPlayer(14904): callback application
05-19 22:02:05.206: V/MediaPlayer(14904): back from callback
05-19 22:02:05.206: V/MediaPlayer(14904): prepare complete - status=0
05-19 22:02:05.236: D/WindowManager(2129): mInputFocus is not null.
05-19 22:02:05.251: I/SurfaceFlinger(1845): id=2374 Removed IomeA idx=2 MapSz=2
05-19 22:02:05.251: D/KeyguardViewMediator(2129): setHidden false
05-19 22:02:05.251: D/WindowManager(2129): mInputFocus is not null.
05-19 22:02:05.256: I/SurfaceFlinger(1845): id=2374 Removed IomeA idx=-2 MapSz=2
05-19 22:02:05.256: D/WindowManager(2129): mInputFocus is not null.
05-19 22:02:05.271: I/SurfaceFlinger(1845): id=2376(2) createSurf 0x417dd9cc (800x480),1 flag=0, DaptureActi
05-19 22:02:05.271: D/WindowManager(2129): PhoneWindowManager: focusChangedLw
05-19 22:02:05.271: D/KeyguardViewMediator(2129): setHidden false
05-19 22:02:05.271: D/KeyguardViewMediator(2129): setHidden false
05-19 22:02:05.271: D/STATUSBAR-StatusBarManagerService(2129): setSystemUiVisibility(0x0)
05-19 22:02:05.271: D/STATUSBAR-StatusBarManagerService(2129): manageDisableList what=0x0 pkg=WindowManager.LayoutParams
05-19 22:02:05.276: D/PowerManagerService(2129): acquireWakeLock flags=0x2000000a tag=KEEP_SCREEN_ON_FLAG uid=1000 pid=2129
05-19 22:02:05.301: I/SurfaceFlinger(1845): id=2377(3) createSurf 0x417a8454 (800x480),4 flag=400, TurfaceView
05-19 22:02:05.301: D/KeyguardViewMediator(2129): setHidden false
05-19 22:02:05.306: I/PlatformSupportManager(14904): Using implementation class com.google.zxing.client.android.camera.open.GingerbreadOpenCameraInterface of interface com.google.zxing.client.android.camera.open.OpenCameraInterface for SDK 9
05-19 22:02:05.321: I/GingerbreadOpenCamera(14904): Opening camera #0
05-19 22:02:05.321: I/Camera(14904): sendBroadcast intent.stop.app-in-app
05-19 22:02:05.326: D/SecCameraCoreManager(1848): SecCameraCoreManager created: pid=1848, cameraId=0
05-19 22:02:05.326: I/SecCameraCoreManager(1848): Opening camera 0
05-19 22:02:05.326: D/SecCameraHardware(1848): camera_device_open: E
05-19 22:02:05.326: D/SecCameraHardware(1848): init E
05-19 22:02:05.691: I/power(2129): *** release_dvfs_lock : lockType : 1 
05-19 22:02:05.691: D/PowerManagerService(2129): releaseDVFSLockLocked : all DVFS_MIN_LIMIT are released 
05-19 22:02:05.691: W/ActivityManager(2129): mDVFSLock.release()
05-19 22:02:05.696: D/SecCameraHardware(1848): createInstance: Back camera, created 
05-19 22:02:05.696: I/SecCameraHardware(1848): opened camera 0 (0x41e5d5d8)
05-19 22:02:05.701: I/ShotCommon(1848): ShotCommon created: pid=1848
05-19 22:02:05.701: I/ShotCommon(1848): Preview width(640), height(480)
05-19 22:02:05.701: I/ShotCommon(1848): Preview color format [yuv420sp]
05-19 22:02:05.701: I/ShotCommon(1848): Picture width(3264), height(2448)
05-19 22:02:05.701: I/ShotCommon(1848): Picture color format [jpeg]
05-19 22:02:05.701: I/ShotSingle(1848): ShotSingle created: pid=1848
05-19 22:02:05.701: V/MediaPlayer(1848): constructor
05-19 22:02:05.701: V/MediaPlayerService(1848): Client(192) constructor
05-19 22:02:05.701: V/MediaPlayerService(1848): Create new client(192) from pid 1848, uid 10140, 
05-19 22:02:05.701: V/MediaPlayerService(1848): player type = 3
05-19 22:02:05.701: V/MediaPlayerService(1848):  create StagefrightPlayer
05-19 22:02:05.701: V/AwesomePlayer(1848): setDefault
05-19 22:02:05.701: V/AwesomePlayer(1848): constructor
05-19 22:02:05.701: V/AwesomePlayer(1848): setDefault
05-19 22:02:05.701: I/AwesomePlayer(1848): reset
05-19 22:02:05.701: I/AwesomePlayer(1848): cancel player events
05-19 22:02:05.701: V/AwesomePlayer(1848): mAudioTrackVector clear
05-19 22:02:05.701: V/StagefrightPlayer(1848): StagefrightPlayer
05-19 22:02:05.701: V/AwesomePlayer(1848): setListener
05-19 22:02:05.701: V/StagefrightPlayer(1848): initCheck
05-19 22:02:05.701: V/AwesomePlayer(1848): AwesomePlayer running on behalf of uid 10140
05-19 22:02:05.701: V/AudioSink(1848): AudioOutput(317)
05-19 22:02:05.701: I/AwesomePlayer(1848): cancel player events
05-19 22:02:05.701: V/AwesomePlayer(1848): mAudioTrackVector clear
05-19 22:02:05.701: I/AwesomePlayer(1848): setDataSource_l(URL suppressed)
05-19 22:02:05.701: V/MediaPlayerService(1848):  setDataSource
05-19 22:02:05.701: V/MediaPlayer(1848): MediaPlayer::setAudioStreamType
05-19 22:02:05.701: V/MediaPlayer(1848): prepare
05-19 22:02:05.701: V/MediaPlayerService(1848): [192] setAudioStreamType(7)
05-19 22:02:05.701: V/MediaPlayerService(1848): [192] prepareAsync
05-19 22:02:05.701: V/AwesomePlayer(1848): prepareAsync
05-19 22:02:05.701: V/AwesomePlayer(1848): onPrepareAsyncEvent
05-19 22:02:05.711: V/AwesomePlayer(1848): track of type 'audio/vorbis' does not publish bitrate
05-19 22:02:05.711: V/AwesomePlayer(1848): mBitrate = -1 bits/sec
05-19 22:02:05.711: W/AwesomePlayer(1848): couldn't get userdata - Weather
05-19 22:02:05.711: W/AwesomePlayer(1848): couldn't get userdata - Authorization 
05-19 22:02:05.711: W/AwesomePlayer(1848): couldn't get userdata - SnapShot 
05-19 22:02:05.711: V/AwesomePlayer(1848): current audio track index (0) is added to vector
05-19 22:02:05.711: V/AwesomePlayer(1848): setDataSource_l: Audio(1), Video(0)
05-19 22:02:05.711: I/AwesomePlayer(1848): AwesomePlayer::setDataSource_l():: This is not a DRM content
05-19 22:02:05.711: V/AwesomePlayer(1848): initAudioDecoder()
05-19 22:02:05.711: I/OMXCodec(1848): Successfully allocated OMX node 'OMX.google.vorbis.decoder'
05-19 22:02:05.711: V/AwesomePlayer(1848): notifyListner_l() msg (5-MEDIA_SET_VIDEO_SIZE), ext1 (0), ext2 (0)
05-19 22:02:05.711: V/MediaPlayerService(1848): [192] notify (0x41e5eb08)
05-19 22:02:05.711: V/MediaPlayerService(1848): [192] notify (0x41e5eb08, 5, 0, 0)
05-19 22:02:05.711: V/MediaPlayer(1848): message received msg=5, ext1=0, ext2=0
05-19 22:02:05.711: V/MediaPlayer(1848): New video size 0 x 0
05-19 22:02:05.711: V/AwesomePlayer(1848): notifyListner_l() msg (1-MEDIA_PREPARED), ext1 (0), ext2 (0)
05-19 22:02:05.711: V/MediaPlayerService(1848): [192] notify (0x41e5eb08)
05-19 22:02:05.711: V/MediaPlayerService(1848): [192] notify (0x41e5eb08, 1, 0, 0)
05-19 22:02:05.711: V/MediaPlayer(1848): message received msg=1, ext1=0, ext2=0
05-19 22:02:05.711: V/MediaPlayer(1848): prepared
05-19 22:02:05.711: V/MediaPlayer(1848): signal application thread
05-19 22:02:05.711: V/MediaPlayer(1848): prepare complete - status=0
05-19 22:02:05.711: V/MediaPlayer(1848): constructor
05-19 22:02:05.711: V/MediaPlayerService(1848): Client(193) constructor
05-19 22:02:05.711: V/MediaPlayerService(1848): Create new client(193) from pid 1848, uid 10140, 
05-19 22:02:05.711: V/MediaPlayerService(1848): player type = 3
05-19 22:02:05.711: V/MediaPlayerService(1848):  create StagefrightPlayer
05-19 22:02:05.711: V/AwesomePlayer(1848): setDefault
05-19 22:02:05.711: V/AwesomePlayer(1848): constructor
05-19 22:02:05.711: V/AwesomePlayer(1848): setDefault
05-19 22:02:05.711: I/AwesomePlayer(1848): reset
05-19 22:02:05.711: I/AwesomePlayer(1848): cancel player events
05-19 22:02:05.711: V/AwesomePlayer(1848): mAudioTrackVector clear
05-19 22:02:05.711: V/StagefrightPlayer(1848): StagefrightPlayer
05-19 22:02:05.711: V/AwesomePlayer(1848): setListener
05-19 22:02:05.711: V/StagefrightPlayer(1848): initCheck
05-19 22:02:05.711: V/AwesomePlayer(1848): AwesomePlayer running on behalf of uid 10140
05-19 22:02:05.711: V/AudioSink(1848): AudioOutput(318)
05-19 22:02:05.711: I/AwesomePlayer(1848): cancel player events
05-19 22:02:05.711: V/AwesomePlayer(1848): mAudioTrackVector clear
05-19 22:02:05.711: I/AwesomePlayer(1848): setDataSource_l(URL suppressed)
05-19 22:02:05.711: V/MediaPlayerService(1848):  setDataSource
05-19 22:02:05.711: V/MediaPlayer(1848): MediaPlayer::setAudioStreamType
05-19 22:02:05.711: V/MediaPlayer(1848): prepare
05-19 22:02:05.711: V/MediaPlayerService(1848): [193] setAudioStreamType(7)
05-19 22:02:05.711: V/MediaPlayerService(1848): [193] prepareAsync
05-19 22:02:05.711: V/AwesomePlayer(1848): prepareAsync
05-19 22:02:05.711: V/AwesomePlayer(1848): onPrepareAsyncEvent
05-19 22:02:05.731: D/WVMDrmPlugIn(1847): WVMDrmPlugin::onInitialize : 4546
05-19 22:02:05.731: D/WVMDrmPlugIn(1847): WVMDrmPlugin::onSetOnInfoListener : add 4546
05-19 22:02:05.741: I/(1847): OmaLogOn
05-19 22:02:05.751: I/(1847): PlayReadyLogOn
05-19 22:02:05.761: E/DivXPlugin(1847): DivXPlugin::onOpenDecryptSession() Not a Divx File.
05-19 22:02:05.771: D/WVMDrmPlugIn(1847): WVMDrmPlugin::onTerminate : 4546
05-19 22:02:05.791: V/AwesomePlayer(1848): track of type 'audio/raw' does not publish bitrate
05-19 22:02:05.791: V/AwesomePlayer(1848): mBitrate = -1 bits/sec
05-19 22:02:05.791: W/AwesomePlayer(1848): couldn't get userdata - Weather
05-19 22:02:05.791: W/AwesomePlayer(1848): couldn't get userdata - Authorization 
05-19 22:02:05.791: W/AwesomePlayer(1848): couldn't get userdata - SnapShot 
05-19 22:02:05.791: V/AwesomePlayer(1848): current audio track index (0) is added to vector
05-19 22:02:05.791: V/AwesomePlayer(1848): setDataSource_l: Audio(1), Video(0)
05-19 22:02:05.791: I/AwesomePlayer(1848): AwesomePlayer::setDataSource_l():: This is not a DRM content
05-19 22:02:05.791: V/AwesomePlayer(1848): initAudioDecoder()
05-19 22:02:05.796: V/AwesomePlayer(1848): notifyListner_l() msg (5-MEDIA_SET_VIDEO_SIZE), ext1 (0), ext2 (0)
05-19 22:02:05.796: V/MediaPlayerService(1848): [193] notify (0x41e60d48)
05-19 22:02:05.796: V/MediaPlayerService(1848): [193] notify (0x41e60d48, 5, 0, 0)
05-19 22:02:05.796: V/MediaPlayer(1848): message received msg=5, ext1=0, ext2=0
05-19 22:02:05.796: V/MediaPlayer(1848): New video size 0 x 0
05-19 22:02:05.796: V/AwesomePlayer(1848): notifyListner_l() msg (1-MEDIA_PREPARED), ext1 (0), ext2 (0)
05-19 22:02:05.796: V/MediaPlayerService(1848): [193] notify (0x41e60d48)
05-19 22:02:05.796: V/MediaPlayerService(1848): [193] notify (0x41e60d48, 1, 0, 0)
05-19 22:02:05.796: V/MediaPlayer(1848): message received msg=1, ext1=0, ext2=0
05-19 22:02:05.796: V/MediaPlayer(1848): prepared
05-19 22:02:05.796: V/MediaPlayer(1848): signal application thread
05-19 22:02:05.796: V/MediaPlayer(1848): prepare complete - status=0
05-19 22:02:05.796: V/MediaPlayer(1848): constructor
05-19 22:02:05.796: V/MediaPlayerService(1848): Client(194) constructor
05-19 22:02:05.796: V/MediaPlayerService(1848): Create new client(194) from pid 1848, uid 10140, 
05-19 22:02:05.796: V/MediaPlayerService(1848): player type = 3
05-19 22:02:05.796: V/MediaPlayerService(1848):  create StagefrightPlayer
05-19 22:02:05.796: V/AwesomePlayer(1848): setDefault
05-19 22:02:05.796: V/AwesomePlayer(1848): constructor
05-19 22:02:05.796: V/AwesomePlayer(1848): setDefault
05-19 22:02:05.796: I/AwesomePlayer(1848): reset
05-19 22:02:05.796: I/AwesomePlayer(1848): cancel player events
05-19 22:02:05.796: V/AwesomePlayer(1848): mAudioTrackVector clear
05-19 22:02:05.796: V/StagefrightPlayer(1848): StagefrightPlayer
05-19 22:02:05.796: V/AwesomePlayer(1848): setListener
05-19 22:02:05.796: V/StagefrightPlayer(1848): initCheck
05-19 22:02:05.796: V/AwesomePlayer(1848): AwesomePlayer running on behalf of uid 10140
05-19 22:02:05.796: V/AudioSink(1848): AudioOutput(319)
05-19 22:02:05.796: I/AwesomePlayer(1848): cancel player events
05-19 22:02:05.796: V/AwesomePlayer(1848): mAudioTrackVector clear
05-19 22:02:05.796: I/AwesomePlayer(1848): setDataSource_l(URL suppressed)
05-19 22:02:05.796: V/MediaPlayerService(1848):  setDataSource
05-19 22:02:05.796: V/MediaPlayer(1848): MediaPlayer::setAudioStreamType
05-19 22:02:05.796: V/MediaPlayer(1848): prepare
05-19 22:02:05.796: V/MediaPlayerService(1848): [194] setAudioStreamType(7)
05-19 22:02:05.796: V/MediaPlayerService(1848): [194] prepareAsync
05-19 22:02:05.796: V/AwesomePlayer(1848): prepareAsync
05-19 22:02:05.796: V/AwesomePlayer(1848): onPrepareAsyncEvent
05-19 22:02:05.806: V/AwesomePlayer(1848): track of type 'audio/vorbis' does not publish bitrate
05-19 22:02:05.806: V/AwesomePlayer(1848): mBitrate = -1 bits/sec
05-19 22:02:05.806: W/AwesomePlayer(1848): couldn't get userdata - Weather
05-19 22:02:05.806: W/AwesomePlayer(1848): couldn't get userdata - Authorization 
05-19 22:02:05.806: W/AwesomePlayer(1848): couldn't get userdata - SnapShot 
05-19 22:02:05.806: V/AwesomePlayer(1848): current audio track index (0) is added to vector
05-19 22:02:05.806: V/AwesomePlayer(1848): setDataSource_l: Audio(1), Video(0)
05-19 22:02:05.806: I/AwesomePlayer(1848): AwesomePlayer::setDataSource_l():: This is not a DRM content
05-19 22:02:05.806: V/AwesomePlayer(1848): initAudioDecoder()
05-19 22:02:05.806: I/OMXCodec(1848): Successfully allocated OMX node 'OMX.google.vorbis.decoder'
05-19 22:02:05.811: V/AwesomePlayer(1848): notifyListner_l() msg (5-MEDIA_SET_VIDEO_SIZE), ext1 (0), ext2 (0)
05-19 22:02:05.811: V/MediaPlayerService(1848): [194] notify (0x41e656e0)
05-19 22:02:05.811: V/MediaPlayerService(1848): [194] notify (0x41e656e0, 5, 0, 0)
05-19 22:02:05.811: V/MediaPlayer(1848): message received msg=5, ext1=0, ext2=0
05-19 22:02:05.811: V/MediaPlayer(1848): New video size 0 x 0
05-19 22:02:05.811: V/AwesomePlayer(1848): notifyListner_l() msg (1-MEDIA_PREPARED), ext1 (0), ext2 (0)
05-19 22:02:05.811: V/MediaPlayerService(1848): [194] notify (0x41e656e0)
05-19 22:02:05.811: V/MediaPlayerService(1848): [194] notify (0x41e656e0, 1, 0, 0)
05-19 22:02:05.811: V/MediaPlayer(1848): message received msg=1, ext1=0, ext2=0
05-19 22:02:05.811: V/MediaPlayer(1848): prepared
05-19 22:02:05.811: V/MediaPlayer(1848): signal application thread
05-19 22:02:05.811: V/MediaPlayer(1848): prepare complete - status=0
05-19 22:02:05.816: I/CameraConfiguration(14904): Screen resolution: Point(800, 480)
05-19 22:02:05.821: I/CameraConfiguration(14904): Supported preview sizes: 800x480 800x450 640x480 352x288 320x240 
05-19 22:02:05.821: I/CameraConfiguration(14904): Found preview size exactly matching screen size: Point(800, 480)
05-19 22:02:05.821: I/CameraConfiguration(14904): Camera resolution: Point(800, 480)
05-19 22:02:05.856: I/CameraConfiguration(14904): Initial camera parameters: preferred-preview-size-for-video=640x480;zoom=0;max-num-detected-faces-hw=0;zoom-supported=true;whitebalance=auto;scene-mode=auto;jpeg-quality=100;preview-format-values=yuv420sp,yuv420p;jpeg-thumbnail-quality=100;preview-format=yuv420sp;video-size-values=720x480,1920x1080,1280x720,640x480,352x288,320x240,176x144;preview-size=640x480;focal-length=3.970000;flash-mode-values=off,auto,on,torch;preview-frame-rate-values=30,25,20,15,10,7;max-num-metering-areas=0;preview-frame-rate=30;focus-mode-values=auto,infinity,macro,fixed,face-priority,continuous-video;jpeg-thumbnail-width=320;video-size=720x480;scene-mode-values=auto,portrait,landscape,night,beach,snow,sunset,fireworks,sports,party,candlelight,dusk-dawn,fall-color,back-light,text;preview-fps-range-values=(7000,30000);jpeg-thumbnail-size-values=320x240,400x240,0x0;zoom-ratios=100,102,104,109,111,113,119,121,124,131,134,138,146,150,155,159,165,170,182,189,200,213,222,232,243,255,283,300,319,364,400;preview-size-values=640x480,800x480,800x450,352x288,320x240;picture-size-values=3264x2448,3264x1968,2048x1536,2048x1232,1280x960,800x480,640x480;preview-fps-range=7000,30000;min-exposure-compensation=-4;max-num-focus-areas=1;vertical-view-angle=46.3;horizontal-view-angle=59.6;video-stabilization-supported=false;jpeg-thumbnail-height=240;smooth-zoom-supported=false;focus-mode=auto;auto-whitebalance-lock-supported=true;video-frame-format=yuv420sp;max-num-detected-faces-sw=3;picture-format-values=jpeg;max-exposure-compensation=4;focus-areas=(0,0,0,0,0);video-snapshot-supported=false;exposure-compensation=0;exposure-compensation-step=0.5;flash-mode=off;effect-values=none,mono,negative,sepia,aqua;picture-size=3264x2448;max-zoom=30;effect=none;whitebalance-values=auto,incandescent,fluorescent,daylight,cloudy-daylight;picture-format=jpeg;focus-distances=0.15,1.20,Infinity;auto-exposure-lock-supported=true
05-19 22:02:05.856: I/CameraConfiguration(14904): Supported values: [off, auto, on, torch]
05-19 22:02:05.856: I/CameraConfiguration(14904): Settable value: off
05-19 22:02:05.861: I/CameraConfiguration(14904): Supported values: [auto, infinity, macro, fixed, face-priority, continuous-video]
05-19 22:02:05.861: I/CameraConfiguration(14904): Settable value: auto
05-19 22:02:05.891: D/ISecCameraHardware(1848): setPreviewSize: preview 800x480
05-19 22:02:05.891: D/ISecCameraHardware(1848): setParameters X: success
05-19 22:02:05.896: D/dalvikvm(14904): GC_CONCURRENT freed 2490K, 28% free 9825K/13639K, paused 15ms+5ms, total 59ms
05-19 22:02:05.901: D/ISecCameraHardware(1848): setPreviewWindow: width=800 height=480
05-19 22:02:05.901: D/SecCameraHardware(1848): nativeCreateSurface: setting buffer count to 8
05-19 22:02:05.901: D/SecCameraCoreManager(1848): virtual android::status_t android::SecCameraCoreManager::startPreview():start IT Policy checking thread
05-19 22:02:05.901: D/ShotSingle(1848): startPreview
05-19 22:02:05.901: D/ISecCameraHardware(1848): startPreview E
05-19 22:02:05.901: D/SecCameraHardware(1848): nativeStartPreview: Preview Format = NV21
05-19 22:02:05.906: D/SecCameraHardware(1848): allocatePreviewHeap: 800x480, frame 576000x8
05-19 22:02:06.101: W/PowerManagerService(2129): Timer 0x3->0x3|0x3
