05-19 22:02:06.176: D/ISecCameraHardware(1848): startPreview X
05-19 22:02:06.196: I/PlatformSupportManager(14904): Using implementation class com.google.zxing.client.android.common.executor.HoneycombAsyncTaskExecInterface of interface com.google.zxing.client.android.common.executor.AsyncTaskExecInterface for SDK 11
05-19 22:02:06.221: I/AutoFocusManager(14904): Current focus mode 'auto'; use auto focus? true
05-19 22:02:06.226: D/KeyguardViewMediator(2129): setHidden false
05-19 22:02:06.241: I/ClipboardServiceEx(2129): Send intent for dismiss clipboard dialog inside hideCurrentInputLocked() !
05-19 22:02:06.246: I/MediaPlayer(14904): Don't send intent. msg.arg1 = 0, msg.arg2 = 0
05-19 22:02:06.251: I/Choreographer(14904): Skipped 58 frames!  The application may be doing too much work on its main thread.
05-19 22:02:06.256: D/KeyguardViewMediator(2129): setHidden false
05-19 22:02:06.271: D/KeyguardViewMediator(2129): setHidden false
05-19 22:02:06.301: D/CameraManager(14904): Calculated framing rect: Rect(100, 60 - 700, 420)
05-19 22:02:06.341: D/SecCameraHardware(1848): preview started
05-19 22:02:06.466: D/KeyguardViewMediator(2129): setHidden false
05-19 22:02:06.486: D/KeyguardViewMediator(2129): setHidden false
05-19 22:02:06.501: I/SurfaceFlinger(1845): id=2378(788) createSurf (960x800),-1 flag=20000, ClackSurfac
05-19 22:02:06.501: I/SurfaceFlinger(1845): id=2379(789) createSurf (480x1600),-1 flag=20000, ClackSurfac
05-19 22:02:06.506: I/SurfaceFlinger(1845): id=2380(790) createSurf (960x800),-1 flag=20000, ClackSurfac
05-19 22:02:06.506: I/SurfaceFlinger(1845): id=2381(791) createSurf (480x1600),-1 flag=20000, ClackSurfac
05-19 22:02:06.521: I/ClipboardServiceEx(2129): Send intent for dismiss clipboard dialog inside hideCurrentInputLocked() !
05-19 22:02:06.526: W/IInputConnectionWrapper(14904): getSelectedText on inactive InputConnection
05-19 22:02:06.571: W/IInputConnectionWrapper(14904): setComposingText on inactive InputConnection
05-19 22:02:06.571: W/IInputConnectionWrapper(14904): getExtractedText on inactive InputConnection
05-19 22:02:06.611: D/KeyguardViewMediator(2129): setHidden false
05-19 22:02:06.681: W/ISecCameraHardware(1848): autoFocusThread X: AF fail
05-19 22:02:06.686: D/ISecCameraHardware(1848): valid preview frame has got
05-19 22:02:06.686: D/ISecCameraHardware(1848): preview callback started
05-19 22:02:06.686: D/ISecCameraHardware(1848): disable ongoing preview callbacks
05-19 22:02:06.696: D/gralloc(1845): gralloc_alloc_buffer: handle=0x42299de8, fd=0x28, paddr=0x7062a000, PID=1845, buffer_off=0x1b5f000
05-19 22:02:06.726: D/dalvikvm(14904): GC_FOR_ALLOC freed 86K, 29% free 9807K/13639K, paused 28ms, total 28ms
05-19 22:02:06.726: I/dalvikvm-heap(14904): Grow heap (frag case) to 11.378MB for 576016-byte allocation
05-19 22:02:06.761: D/gralloc(1845): gralloc_alloc_buffer: handle=0x4002c1f0, fd=0x28, paddr=0x706b9000, PID=1845, buffer_off=0x1bee000
05-19 22:02:06.766: D/dalvikvm(14904): GC_FOR_ALLOC freed <1K, 24% free 10369K/13639K, paused 39ms, total 39ms
05-19 22:02:06.826: D/dalvikvm(14904): GC_CONCURRENT freed 5K, 24% free 10374K/13639K, paused 14ms+13ms, total 61ms
05-19 22:02:06.831: D/gralloc(1845): gralloc_alloc_buffer: handle=0x4222f1a0, fd=0x28, paddr=0x70748000, PID=1845, buffer_off=0x1c7d000
05-19 22:02:06.901: D/gralloc(1845): gralloc_alloc_buffer: handle=0x41143ee8, fd=0x28, paddr=0x707d7000, PID=1845, buffer_off=0x1d0c000
05-19 22:02:06.941: I/SurfaceFlinger(1845): id=2375 Removed GreezeSurfa idx=6 MapSz=4
05-19 22:02:06.941: I/SurfaceFlinger(1845): id=2375 Removed GreezeSurfa idx=-2 MapSz=4
05-19 22:02:06.941: I/SurfaceFlinger(1845): id=2378 Removed ClackSurfac idx=6 MapSz=4
05-19 22:02:06.941: I/SurfaceFlinger(1845): id=2378 Removed ClackSurfac idx=-2 MapSz=4
05-19 22:02:06.941: I/SurfaceFlinger(1845): id=2379 Removed ClackSurfac idx=6 MapSz=4
05-19 22:02:06.941: I/SurfaceFlinger(1845): id=2380 Removed ClackSurfac idx=6 MapSz=4
05-19 22:02:06.941: I/SurfaceFlinger(1845): id=2379 Removed ClackSurfac idx=-2 MapSz=4
05-19 22:02:06.941: I/SurfaceFlinger(1845): id=2381 Removed ClackSurfac idx=6 MapSz=4
05-19 22:02:06.941: I/SurfaceFlinger(1845): id=2380 Removed ClackSurfac idx=-2 MapSz=4
05-19 22:02:06.941: I/SurfaceFlinger(1845): id=2381 Removed ClackSurfac idx=-2 MapSz=4
05-19 22:02:06.941: D/KeyguardViewMediator(2129): setHidden false
05-19 22:02:06.946: D/KeyguardViewMediator(2129): setHidden false
05-19 22:02:06.946: V/WindowManager(2129): rotationForOrientationLw(orient=0, last=1); user=0  mLidState=-1 mDockMode=0 mHdmiPlugged=false mAccelerometerDefault=false sensorRotation=-1
05-19 22:02:06.971: D/ISecCameraHardware(1848): preview callback started
05-19 22:02:06.971: D/ISecCameraHardware(1848): disable ongoing preview callbacks
05-19 22:02:06.971: D/gralloc(1845): gralloc_alloc_buffer: handle=0x41bfb858, fd=0x28, paddr=0x70866000, PID=1845, buffer_off=0x1d9b000
05-19 22:02:06.986: D/dalvikvm(14904): GC_FOR_ALLOC freed 844K, 29% free 9812K/13639K, paused 16ms, total 16ms
05-19 22:02:06.986: I/dalvikvm-heap(14904): Grow heap (frag case) to 11.383MB for 576016-byte allocation
05-19 22:02:07.011: D/dalvikvm(14904): GC_CONCURRENT freed 0K, 24% free 10374K/13639K, paused 11ms+2ms, total 25ms
05-19 22:02:07.011: D/dalvikvm(14904): WAIT_FOR_CONCURRENT_GC blocked 13ms
05-19 22:02:07.016: D/dalvikvm(14904): WAIT_FOR_CONCURRENT_GC blocked 7ms
05-19 22:02:07.041: D/gralloc(1845): gralloc_alloc_buffer: handle=0x42299ca0, fd=0x28, paddr=0x708f5000, PID=1845, buffer_off=0x1e2a000
05-19 22:02:07.111: D/ISecCameraHardware(1848): preview callback started
05-19 22:02:07.111: D/ISecCameraHardware(1848): disable ongoing preview callbacks
05-19 22:02:07.111: D/gralloc(1845): gralloc_alloc_buffer: handle=0x41ba8450, fd=0x28, paddr=0x70984000, PID=1845, buffer_off=0x1eb9000
05-19 22:02:07.131: D/dalvikvm(14904): GC_FOR_ALLOC freed 841K, 29% free 9812K/13639K, paused 17ms, total 17ms
05-19 22:02:07.131: I/dalvikvm-heap(14904): Grow heap (frag case) to 11.383MB for 576016-byte allocation
05-19 22:02:07.156: D/dalvikvm(14904): GC_CONCURRENT freed 0K, 24% free 10374K/13639K, paused 12ms+1ms, total 28ms
05-19 22:02:07.156: D/dalvikvm(14904): WAIT_FOR_CONCURRENT_GC blocked 12ms
05-19 22:02:07.181: D/gralloc(1845): gralloc_alloc_buffer: handle=0x40007840, fd=0x28, paddr=0x70a13000, PID=1845, buffer_off=0x1f48000
05-19 22:02:07.251: D/ISecCameraHardware(1848): preview callback started
05-19 22:02:07.251: D/ISecCameraHardware(1848): disable ongoing preview callbacks
05-19 22:02:07.276: D/dalvikvm(14904): GC_FOR_ALLOC freed 843K, 29% free 9812K/13639K, paused 22ms, total 22ms
05-19 22:02:07.276: I/dalvikvm-heap(14904): Grow heap (frag case) to 11.383MB for 576016-byte allocation
05-19 22:02:07.306: D/dalvikvm(14904): GC_FOR_ALLOC freed 0K, 24% free 10374K/13639K, paused 32ms, total 32ms
05-19 22:02:07.356: D/dalvikvm(14904): GC_CONCURRENT freed 6K, 24% free 10375K/13639K, paused 16ms+13ms, total 45ms
05-19 22:02:07.466: D/ISecCameraHardware(1848): preview callback started
05-19 22:02:07.466: D/ISecCameraHardware(1848): disable ongoing preview callbacks
05-19 22:02:07.486: D/dalvikvm(14904): GC_FOR_ALLOC freed 843K, 29% free 9812K/13639K, paused 23ms, total 23ms
05-19 22:02:07.486: I/dalvikvm-heap(14904): Grow heap (frag case) to 11.383MB for 576016-byte allocation
05-19 22:02:07.521: D/dalvikvm(14904): GC_CONCURRENT freed 0K, 24% free 10374K/13639K, paused 12ms+2ms, total 33ms
05-19 22:02:07.521: D/dalvikvm(14904): WAIT_FOR_CONCURRENT_GC blocked 12ms
05-19 22:02:07.676: D/ISecCameraHardware(1848): preview callback started
05-19 22:02:07.676: D/ISecCameraHardware(1848): disable ongoing preview callbacks
05-19 22:02:07.696: D/dalvikvm(14904): GC_FOR_ALLOC freed 841K, 29% free 9812K/13639K, paused 22ms, total 22ms
05-19 22:02:07.696: I/dalvikvm-heap(14904): Grow heap (frag case) to 11.383MB for 576016-byte allocation
05-19 22:02:07.731: D/dalvikvm(14904): GC_CONCURRENT freed 0K, 24% free 10374K/13639K, paused 12ms+2ms, total 33ms
05-19 22:02:07.731: D/dalvikvm(14904): WAIT_FOR_CONCURRENT_GC blocked 20ms
05-19 22:02:07.811: D/ISecCameraHardware(1848): preview callback started
05-19 22:02:07.811: D/ISecCameraHardware(1848): disable ongoing preview callbacks
05-19 22:02:07.831: D/dalvikvm(14904): GC_FOR_ALLOC freed 846K, 29% free 9812K/13639K, paused 19ms, total 19ms
05-19 22:02:07.831: I/dalvikvm-heap(14904): Grow heap (frag case) to 11.383MB for 576016-byte allocation
05-19 22:02:07.866: D/dalvikvm(14904): GC_CONCURRENT freed 0K, 24% free 10374K/13639K, paused 12ms+2ms, total 30ms
05-19 22:02:07.866: D/dalvikvm(14904): WAIT_FOR_CONCURRENT_GC blocked 17ms
05-19 22:02:08.026: D/ISecCameraHardware(1848): preview callback started
05-19 22:02:08.026: D/ISecCameraHardware(1848): disable ongoing preview callbacks
05-19 22:02:08.056: D/dalvikvm(14904): GC_FOR_ALLOC freed 850K, 29% free 9812K/13639K, paused 30ms, total 30ms
05-19 22:02:08.056: I/dalvikvm-heap(14904): Grow heap (frag case) to 11.383MB for 576016-byte allocation
05-19 22:02:08.101: D/dalvikvm(14904): GC_CONCURRENT freed 0K, 24% free 10374K/13639K, paused 14ms+5ms, total 43ms
05-19 22:02:08.101: D/dalvikvm(14904): WAIT_FOR_CONCURRENT_GC blocked 30ms
05-19 22:02:08.166: D/PowerManagerService(2129): preventAutoPowerOff : 0  bPrevent : false
05-19 22:02:08.166: D/PowerManagerService(2129): preventAutoPowerOff : resetAutoPowerOffTimer()
05-19 22:02:08.166: D/PowerManagerService(2129): resetAutoPowerOffTimer : 0
05-19 22:02:08.236: D/ISecCameraHardware(1848): preview callback started
05-19 22:02:08.236: D/ISecCameraHardware(1848): disable ongoing preview callbacks
05-19 22:02:08.251: D/dalvikvm(14904): GC_FOR_ALLOC freed 849K, 29% free 9812K/13639K, paused 19ms, total 19ms
05-19 22:02:08.251: I/dalvikvm-heap(14904): Grow heap (frag case) to 11.383MB for 576016-byte allocation
05-19 22:02:08.286: D/dalvikvm(14904): GC_CONCURRENT freed 0K, 24% free 10375K/13639K, paused 12ms+2ms, total 31ms
05-19 22:02:08.286: D/dalvikvm(14904): WAIT_FOR_CONCURRENT_GC blocked 7ms
05-19 22:02:08.446: D/ISecCameraHardware(1848): preview callback started
05-19 22:02:08.446: D/ISecCameraHardware(1848): disable ongoing preview callbacks
05-19 22:02:08.481: D/dalvikvm(14904): GC_FOR_ALLOC freed 850K, 29% free 9812K/13639K, paused 32ms, total 32ms
05-19 22:02:08.481: I/dalvikvm-heap(14904): Grow heap (frag case) to 11.383MB for 576016-byte allocation
05-19 22:02:08.516: D/dalvikvm(2129): WAIT_FOR_CONCURRENT_GC blocked 0ms
05-19 22:02:08.526: D/dalvikvm(14904): GC_CONCURRENT freed 0K, 24% free 10375K/13639K, paused 14ms+3ms, total 46ms
05-19 22:02:08.526: D/dalvikvm(14904): WAIT_FOR_CONCURRENT_GC blocked 31ms
05-19 22:02:08.651: D/ISecCameraHardware(1848): preview callback started
05-19 22:02:08.651: D/ISecCameraHardware(1848): disable ongoing preview callbacks
05-19 22:02:08.671: D/dalvikvm(14904): GC_FOR_ALLOC freed 850K, 29% free 9812K/13639K, paused 16ms, total 16ms
05-19 22:02:08.671: I/dalvikvm-heap(14904): Grow heap (frag case) to 11.383MB for 576016-byte allocation
05-19 22:02:08.696: D/dalvikvm(2129): GC_EXPLICIT freed 1328K, 14% free 26156K/30279K, paused 11ms+11ms, total 177ms
05-19 22:02:08.701: D/dalvikvm(14904): GC_CONCURRENT freed 0K, 24% free 10375K/13639K, paused 11ms+1ms, total 29ms
05-19 22:02:08.701: D/dalvikvm(14904): WAIT_FOR_CONCURRENT_GC blocked 11ms
05-19 22:02:08.701: D/dalvikvm(14904): WAIT_FOR_CONCURRENT_GC blocked 8ms
05-19 22:02:08.891: D/ISecCameraHardware(1848): preview callback started
05-19 22:02:08.891: D/ISecCameraHardware(1848): disable ongoing preview callbacks
05-19 22:02:08.966: D/dalvikvm(14904): GC_FOR_ALLOC freed 852K, 29% free 9812K/13639K, paused 62ms, total 62ms
05-19 22:02:08.966: I/dalvikvm-heap(14904): Grow heap (frag case) to 11.383MB for 576016-byte allocation
05-19 22:02:09.031: D/dalvikvm(14904): GC_CONCURRENT freed 0K, 24% free 10375K/13639K, paused 16ms+5ms, total 63ms
05-19 22:02:09.031: D/dalvikvm(14904): WAIT_FOR_CONCURRENT_GC blocked 47ms
05-19 22:02:09.146: D/ISecCameraHardware(1848): preview callback started
05-19 22:02:09.146: D/ISecCameraHardware(1848): disable ongoing preview callbacks
05-19 22:02:09.171: D/dalvikvm(14904): GC_FOR_ALLOC freed 851K, 29% free 9812K/13639K, paused 22ms, total 22ms
05-19 22:02:09.171: I/dalvikvm-heap(14904): Grow heap (frag case) to 11.383MB for 576016-byte allocation
05-19 22:02:09.206: D/dalvikvm(14904): GC_CONCURRENT freed 0K, 24% free 10375K/13639K, paused 12ms+2ms, total 32ms
05-19 22:02:09.206: D/dalvikvm(14904): WAIT_FOR_CONCURRENT_GC blocked 20ms
05-19 22:02:09.361: D/ISecCameraHardware(1848): preview callback started
05-19 22:02:09.361: D/ISecCameraHardware(1848): disable ongoing preview callbacks
05-19 22:02:09.401: D/dalvikvm(14904): GC_FOR_ALLOC freed 852K, 29% free 9812K/13639K, paused 45ms, total 45ms
05-19 22:02:09.401: I/dalvikvm-heap(14904): Grow heap (frag case) to 11.383MB for 576016-byte allocation
05-19 22:02:09.451: D/dalvikvm(14904): GC_CONCURRENT freed 0K, 24% free 10375K/13639K, paused 19ms+3ms, total 47ms
05-19 22:02:09.451: D/dalvikvm(14904): WAIT_FOR_CONCURRENT_GC blocked 31ms
05-19 22:02:09.566: D/ISecCameraHardware(1848): preview callback started
05-19 22:02:09.566: D/ISecCameraHardware(1848): disable ongoing preview callbacks
05-19 22:02:09.591: D/dalvikvm(14904): GC_FOR_ALLOC freed 852K, 29% free 9812K/13639K, paused 23ms, total 23ms
05-19 22:02:09.591: I/dalvikvm-heap(14904): Grow heap (frag case) to 11.383MB for 576016-byte allocation
05-19 22:02:09.631: D/dalvikvm(14904): GC_CONCURRENT freed 0K, 24% free 10375K/13639K, paused 12ms+4ms, total 38ms
05-19 22:02:09.631: D/dalvikvm(14904): WAIT_FOR_CONCURRENT_GC blocked 1ms
05-19 22:02:09.631: D/dalvikvm(14904): WAIT_FOR_CONCURRENT_GC blocked 25ms
05-19 22:02:09.781: D/ISecCameraHardware(1848): preview callback started
05-19 22:02:09.781: D/ISecCameraHardware(1848): disable ongoing preview callbacks
05-19 22:02:09.801: D/dalvikvm(14904): GC_FOR_ALLOC freed 851K, 29% free 9812K/13639K, paused 22ms, total 22ms
05-19 22:02:09.801: I/dalvikvm-heap(14904): Grow heap (frag case) to 11.383MB for 576016-byte allocation
05-19 22:02:09.836: D/dalvikvm(14904): GC_CONCURRENT freed 0K, 24% free 10375K/13639K, paused 13ms+2ms, total 33ms
05-19 22:02:09.836: D/dalvikvm(14904): WAIT_FOR_CONCURRENT_GC blocked 5ms
05-19 22:02:09.916: D/ISecCameraHardware(1848): preview callback started
05-19 22:02:09.916: D/ISecCameraHardware(1848): disable ongoing preview callbacks
05-19 22:02:09.946: D/dalvikvm(14904): GC_FOR_ALLOC freed 853K, 29% free 9812K/13639K, paused 29ms, total 29ms
05-19 22:02:09.946: I/dalvikvm-heap(14904): Grow heap (frag case) to 11.383MB for 576016-byte allocation
05-19 22:02:09.976: D/dalvikvm(14904): GC_FOR_ALLOC freed 0K, 24% free 10375K/13639K, paused 29ms, total 29ms
05-19 22:02:10.026: D/dalvikvm(14904): GC_CONCURRENT freed 6K, 24% free 10376K/13639K, paused 14ms+12ms, total 46ms
05-19 22:02:10.111: D/DecodeHandler(14904): Found barcode in 111 ms
05-19 22:02:10.136: D/dalvikvm(14904): GC_FOR_ALLOC freed 300K, 24% free 10409K/13639K, paused 22ms, total 22ms
05-19 22:02:10.136: I/dalvikvm-heap(14904): Grow heap (frag case) to 12.242MB for 864016-byte allocation
05-19 22:02:10.181: D/dalvikvm(14904): GC_CONCURRENT freed 0K, 18% free 11253K/13639K, paused 12ms+12ms, total 41ms
05-19 22:02:10.181: D/dalvikvm(14904): WAIT_FOR_CONCURRENT_GC blocked 14ms
05-19 22:02:10.211: D/dalvikvm(14904): GC_FOR_ALLOC freed <1K, 18% free 11253K/13639K, paused 21ms, total 21ms
05-19 22:02:10.211: I/dalvikvm-heap(14904): Grow heap (frag case) to 13.065MB for 864016-byte allocation
05-19 22:02:10.236: D/dalvikvm(14904): GC_CONCURRENT freed 0K, 17% free 12097K/14535K, paused 12ms+2ms, total 27ms
05-19 22:02:10.241: D/dalvikvm(14904): WAIT_FOR_CONCURRENT_GC blocked 14ms
05-19 22:02:10.246: D/CaptureActivityHandler(14904): Got decode succeeded message
05-19 22:02:10.296: V/MediaPlayer-JNI(14904): start
05-19 22:02:10.296: V/MediaPlayer(14904): start
05-19 22:02:10.296: V/MediaPlayerService(1848): [191] setLooping(0)
05-19 22:02:10.296: V/StagefrightPlayer(1848): setLooping
05-19 22:02:10.296: V/AwesomePlayer(1848): setLooping (0)
05-19 22:02:10.296: V/MediaPlayerService(1848): [191] setVolume(0.100000, 0.100000)
05-19 22:02:10.296: V/AudioSink(1848): setVolume(0.100000, 0.100000)
05-19 22:02:10.296: V/MediaPlayerService(1848): [191] setAuxEffectSendLevel(0.000000)
05-19 22:02:10.296: V/AudioSink(1848): setAuxEffectSendLevel(0.000000)
05-19 22:02:10.296: V/MediaPlayerService(1848): [191] start
05-19 22:02:10.296: V/StagefrightPlayer(1848): setLooping
05-19 22:02:10.296: V/AwesomePlayer(1848): setLooping (0)
05-19 22:02:10.296: V/StagefrightPlayer(1848): start
05-19 22:02:10.296: V/AwesomePlayer(1848): play
05-19 22:02:10.296: V/AwesomePlayer(1848): AwesomePlayer::play_l():: This is not a DRM content
05-19 22:02:10.301: I/AudioPlayer(1848):  Audioplayer kKeyAudioPCMFormat:1, 1, 0
05-19 22:02:10.301: I/AudioPlayer(1848):  Audioplayer1 (1, 1)
05-19 22:02:10.301: V/AudioSink(1848): open(44100, 1, 0x0, 1, 4, 316)
05-19 22:02:10.301: E/AudioPolicyService(1848): getOutput() tid 1848 ++
05-19 22:02:10.301: E/AudioPolicyService(1848): getOutput() tid 1848 --
05-19 22:02:10.306: V/AudioPolicyManagerBase(1848): getOutput() stream 3, samplingRate 0, format 0, channelMask 3, flags 0
05-19 22:02:10.306: V/AudioPolicyManagerBase(1848): getOutput() returns output 2
05-19 22:02:10.306: E/AudioPolicyService(1848): getOutput() tid 1848 ++
05-19 22:02:10.306: E/AudioPolicyService(1848): getOutput() tid 1848 --
05-19 22:02:10.306: V/AudioPolicyManagerBase(1848): getOutput() stream 3, samplingRate 0, format 0, channelMask 3, flags 0
05-19 22:02:10.306: V/AudioPolicyManagerBase(1848): getOutput() returns output 2
05-19 22:02:10.306: E/AudioPolicyService(1848): getOutput() tid 1848 ++
05-19 22:02:10.306: E/AudioPolicyService(1848): getOutput() tid 1848 --
05-19 22:02:10.306: V/AudioPolicyManagerBase(1848): getOutput() stream 3, samplingRate 44100, format 1, channelMask 1, flags 0
05-19 22:02:10.306: V/AudioPolicyManagerBase(1848): getOutput() returns output 2
05-19 22:02:10.311: V/AudioSink(1848): setVolume
05-19 22:02:10.311: E/AudioPolicyService(1848): getOutput() tid 1848 ++
05-19 22:02:10.311: E/AudioPolicyService(1848): getOutput() tid 1848 --
05-19 22:02:10.311: V/AudioPolicyManagerBase(1848): getOutput() stream 3, samplingRate 0, format 0, channelMask 3, flags 0
05-19 22:02:10.311: V/AudioPolicyManagerBase(1848): getOutput() returns output 2
05-19 22:02:10.311: V/AudioSink(1848): start
05-19 22:02:10.311: V/AudioPolicyManagerBase(1848): startOutput() output 2, stream 3, session 316
05-19 22:02:10.311: V/AudioPolicyManagerBase(1848): changeRefCount() stream 3, count 1
05-19 22:02:10.311: V/AudioPolicyManagerBase(1848): getNewDevice() selected device 2
05-19 22:02:10.311: I/AudioHardwareYamaha(1848): AudioHardware::setParameters(keyValuePairs="music_stream_active=true")
05-19 22:02:10.311: V/AudioPolicyManagerBase(1848): getNewDevice() selected device 2
05-19 22:02:10.311: V/AudioPolicyManagerBase(1848): getNewDevice() selected device 2
05-19 22:02:10.311: V/AudioPolicyManagerBase(1848): checkOutputForStrategy(0002,0002,3)
05-19 22:02:10.311: I/AudioFlinger(1848): AudioFlinger::PlaybackThread::addTrack_l() start_output_streamtype(1, 3) for 2
05-19 22:02:10.311: D/PowerManagerService(2129): preventAutoPowerOff : 0  bPrevent : true
05-19 22:02:10.311: D/PowerManagerService(2129): preventAutoPowerOff : resetAutoPowerOffTimer()
05-19 22:02:10.311: D/PowerManagerService(2129): resetAutoPowerOffTimer : 0
05-19 22:02:10.326: E/OMXCodec(1848): [OMX.google.vorbis.decoder] err = -1011
05-19 22:02:10.331: I/yamaha::media::UserDep(1848): UserDep::getRouteInfo(output: audioengine=0, devices=00000002h
05-19 22:02:10.331: I/yamaha::media::UserDep(1848):                       incall: onoff=0, devices=00000000h
05-19 22:02:10.331: I/yamaha::media::UserDep(1848):                       capture: onoff=0, devices=00000000h, audioSource=0
05-19 22:02:10.331: I/yamaha::media::UserDep(1848):                       playback: audio_onoff=1, line_onoff=0)
05-19 22:02:10.371: I/ClipboardService(2129): Got clipboard for user=0
05-19 22:02:10.371: I/ClipboardService(2129): Got clipboard for user=0
05-19 22:02:10.376: I/ClipboardServiceEx(14904): text write to parcel
05-19 22:02:10.376: I/ClipboardServiceEx(2129): ===================================================================
05-19 22:02:10.376: I/ClipboardServiceEx(2129): SetClipboardDataOriginalToEx
05-19 22:02:10.381: I/ClipboardServiceEx(2129): ===================================================================
05-19 22:02:10.381: I/ClipboardServiceEx(2129): ----------------------------------------------------------------
05-19 22:02:10.381: D/ClipboardServiceEx(2129): in synchronized
05-19 22:02:10.381: I/ClipboardServiceEx(2129): addData..
05-19 22:02:10.381: I/ClipboardServiceEx(2129): text equals
05-19 22:02:10.411: I/ALSAModule(1848): Initialized ALSA PLAYBACK device hifi
05-19 22:02:10.686: V/AwesomePlayer(1848): MEDIA_PLAYBACK_COMPLETE
05-19 22:02:10.686: V/AwesomePlayer(1848): notifyListner_l() msg (2-MEDIA_PLAYBACK_COMPLETE), ext1 (0), ext2 (0)
05-19 22:02:10.686: V/MediaPlayerService(1848): [191] notify (0x42f61e80)
05-19 22:02:10.686: V/MediaPlayerService(1848): [191] notify (0x42f61e80, 2, 0, 0)
05-19 22:02:10.686: V/AudioSink(1848): stop
05-19 22:02:10.686: V/MediaPlayer(14904): message received msg=2, ext1=0, ext2=0
05-19 22:02:10.686: V/MediaPlayer(14904): playback complete
05-19 22:02:10.686: V/MediaPlayer(14904): callback application
05-19 22:02:10.686: V/MediaPlayer(14904): back from callback
05-19 22:02:10.686: V/AudioPolicyManagerBase(1848): stopOutput() output 2, stream 3, session 316
05-19 22:02:10.686: V/AudioPolicyManagerBase(1848): changeRefCount() stream 3, count 0
05-19 22:02:10.686: I/AudioHardwareYamaha(1848): AudioHardware::setParameters(keyValuePairs="music_stream_active=false")
05-19 22:02:10.691: V/AudioPolicyManagerBase(1848): getNewDevice() selected device 0
05-19 22:02:10.691: V/AudioPolicyManagerBase(1848): checkOutputForStrategy(0002,0002,3)
05-19 22:02:10.701: V/MediaPlayer-JNI(14904): seekTo: 0(msec)
05-19 22:02:10.701: V/MediaPlayer(14904): seekTo 0
05-19 22:02:10.701: V/MediaPlayer(14904): getDuration
05-19 22:02:10.701: V/MediaPlayerService(1848): getDuration
05-19 22:02:10.701: V/StagefrightPlayer(1848): getDuration
05-19 22:02:10.701: V/MediaPlayerService(1848): [191] getDuration = 200
05-19 22:02:10.701: V/MediaPlayerService(1848): [191] seekTo(0)
05-19 22:02:10.701: V/StagefrightPlayer(1848): seekTo 0.00 secs
05-19 22:02:10.706: V/AwesomePlayer(1848): seekTo, locked=1
05-19 22:02:10.706: V/AwesomePlayer(1848): seekTo timeUs (0)
05-19 22:02:10.706: V/AwesomePlayer(1848): seekAudioIfNecessary_l mSeekTimeUs (0)
05-19 22:02:10.706: V/AudioSink(1848): flush
05-19 22:02:10.706: V/AwesomePlayer(1848): seeking(1) while paused, sending SEEK_COMPLETE notification immediately.
05-19 22:02:10.706: V/AwesomePlayer(1848): notifyListner_l() msg (4-MEDIA_SEEK_COMPLETE), ext1 (0), ext2 (0)
05-19 22:02:10.706: V/MediaPlayerService(1848): [191] notify (0x42f61e80)
05-19 22:02:10.706: V/MediaPlayerService(1848): [191] notify (0x42f61e80, 4, 0, 0)
05-19 22:02:10.706: V/MediaPlayer(14904): message received msg=4, ext1=0, ext2=0
05-19 22:02:10.706: V/MediaPlayer(14904): Received seek complete
05-19 22:02:10.711: V/MediaPlayer(14904): All seeks complete - return to regularly scheduled program
05-19 22:02:10.711: V/MediaPlayer(14904): callback application
05-19 22:02:10.711: V/MediaPlayer(14904): back from callback
05-19 22:02:10.901: I/AudioFlinger(1848): AudioFlinger::MixerThread::prepareTracks_l stop_output_streamtype(1, 3) for 2
05-19 22:02:11.106: W/SignalStrength(2249): getGsmLevel=4
05-19 22:02:11.106: W/SignalStrength(2129): getGsmLevel=4
05-19 22:02:11.121: W/SignalStrength(2249): getLevel=4 (SignalStrength: 19 -1 -1 -1 -1 -1 -1 -1 -1 -1 -1 -1 gsm|lte 4)
05-19 22:02:11.126: W/SignalStrength(2129): getLevel=4 (SignalStrength: 19 -1 -1 -1 -1 -1 -1 -1 -1 -1 -1 -1 gsm|lte 4)
05-19 22:02:11.126: W/SignalStrength(2249): getGsmLevel=4
05-19 22:02:11.126: W/SignalStrength(2249): getLevel=4 (SignalStrength: 19 -1 -1 -1 -1 -1 -1 -1 -1 -1 -1 -1 gsm|lte 4)
05-19 22:02:11.126: D/STATUSBAR-NetworkController(2249): onSignalStrengthsChanged signalStrength=SignalStrength: 19 -1 -1 -1 -1 -1 -1 -1 -1 -1 -1 -1 gsm|lte 4 level=4
05-19 22:02:11.141: W/SignalStrength(2129): getGsmDbm=-75
05-19 22:02:11.141: W/SignalStrength(2129): getDbm=-75
05-19 22:02:11.146: W/SignalStrength(2129): getGsmAsuLevel=19
05-19 22:02:11.146: W/SignalStrength(2129): getAsuLevel=19
05-19 22:02:11.891: D/CaptureActivityHandler(14904): Got return scan result message
05-19 22:02:12.011: D/SecCameraCoreManager(1848): virtual void android::SecCameraCoreManager::stopPreview():stop IT Policy checking thread
05-19 22:02:12.081: D/ISecCameraHardware(1848): stopPreview E
05-19 22:02:12.096: D/ISecCameraHardware(1848): previewThread exiting
05-19 22:02:12.101: D/SecCameraHardware(1848): nativeStopPreview EX
05-19 22:02:12.101: D/ISecCameraHardware(1848): stopPreview X
05-19 22:02:12.106: D/ISecCameraHardware(1848): stopPreview E
05-19 22:02:12.106: W/ISecCameraHardware(1848): stopPreview: warning, preview has been stopped
05-19 22:02:12.106: D/ISecCameraHardware(1848): cancelPicture EX
05-19 22:02:12.106: D/SecCameraHardware(1848): release E
05-19 22:02:12.161: D/gralloc(1848): unmmap  pid(1845), vaddr(0x4879c000)
05-19 22:02:12.161: E/gralloc(1848): [GR_MD] unmapping from 0x46ccc000, size=33427456
05-19 22:02:12.166: D/gralloc(1848): unmmap  pid(1845), vaddr(0x4a8c1000)
05-19 22:02:12.166: E/gralloc(1848): [GR_MD] unmapping from 0x48d62000, size=33427456
05-19 22:02:12.166: D/gralloc(1848): unmmap  pid(1845), vaddr(0x4c99d000)
05-19 22:02:12.171: E/gralloc(1848): [GR_MD] unmapping from 0x4adaf000, size=33427456
05-19 22:02:12.171: D/gralloc(1848): unmmap  pid(1845), vaddr(0x4ea97000)
05-19 22:02:12.171: E/gralloc(1848): [GR_MD] unmapping from 0x4ce1a000, size=33427456
05-19 22:02:12.176: D/gralloc(1848): unmmap  pid(1845), vaddr(0x50bb2000)
05-19 22:02:12.176: E/gralloc(1848): [GR_MD] unmapping from 0x4eea6000, size=33427456
05-19 22:02:12.181: D/gralloc(1848): unmmap  pid(1845), vaddr(0x52cbb000)
05-19 22:02:12.181: E/gralloc(1848): [GR_MD] unmapping from 0x50f20000, size=33427456
05-19 22:02:12.181: D/gralloc(1848): unmmap  pid(1845), vaddr(0x54d90000)
05-19 22:02:12.181: E/gralloc(1848): [GR_MD] unmapping from 0x52f66000, size=33427456
05-19 22:02:12.186: D/gralloc(1848): unmmap  pid(1845), vaddr(0x56e65000)
05-19 22:02:12.186: E/gralloc(1848): [GR_MD] unmapping from 0x54fac000, size=33427456
05-19 22:02:12.196: E/ISecCameraHardware(1848): setPreviewWindow: NULL Surface!
05-19 22:02:12.196: D/SecCameraCoreManager(1848): SecCameraCoreManager destroyed: pid=1848
05-19 22:02:12.196: I/ShotSingle(1848): ShotSingle destroyed: pid=1848
05-19 22:02:12.196: I/ShotCommon(1848): ShotCommon destroyed: pid=1848
05-19 22:02:12.196: I/SecCameraCoreManager(1848): Destroying camera 0
05-19 22:02:12.201: I/SecCameraHardware(1848): camera_device_close
05-19 22:02:12.206: I/power(2129): *** acquire_dvfs_lock : lockType : 1  freq : 1000000 
05-19 22:02:12.206: V/MediaPlayer(1848): disconnect
05-19 22:02:12.206: V/MediaPlayerService(1848): disconnect(192) from pid 1848
05-19 22:02:12.206: V/StagefrightPlayer(1848): reset
05-19 22:02:12.206: I/AwesomePlayer(1848): reset
05-19 22:02:12.206: D/PowerManagerService(2129): acquireDVFSLockLocked : type : DVFS_MIN_LIMIT  frequency : 1000000  uid : 1000  pid : 2129  tag : ActivityManager
05-19 22:02:12.211: I/AwesomePlayer(1848): cancel player events
05-19 22:02:12.211: V/AwesomePlayer(1848): mAudioTrackVector clear
05-19 22:02:12.211: I/OMXCodec(1848): [OMX.google.vorbis.decoder] stop() sendCommand(0xed, OMX_CommandStateSet, OMX_StateIdle)
05-19 22:02:12.211: I/OMXCodec(1848): [OMX.google.vorbis.decoder] stopped in state 1
05-19 22:02:12.211: V/StagefrightPlayer(1848): ~StagefrightPlayer
05-19 22:02:12.211: V/StagefrightPlayer(1848): reset
05-19 22:02:12.211: I/AwesomePlayer(1848): reset
05-19 22:02:12.211: I/AwesomePlayer(1848): cancel player events
05-19 22:02:12.211: V/AwesomePlayer(1848): mAudioTrackVector clear
05-19 22:02:12.211: I/AwesomePlayer(1848): reset
05-19 22:02:12.211: I/AwesomePlayer(1848): cancel player events
05-19 22:02:12.211: V/AwesomePlayer(1848): mAudioTrackVector clear
05-19 22:02:12.211: V/AwesomePlayer(1848): ~AwesomePlayer()
05-19 22:02:12.211: V/MediaPlayerService(1848): Client(192) destructor pid = 1848
05-19 22:02:12.211: I/AudioSink(1848): +++ close
05-19 22:02:12.211: I/AudioSink(1848): --- close
05-19 22:02:12.211: V/MediaPlayerService(1848): disconnect(192) from pid 1848
05-19 22:02:12.211: V/MediaPlayer(1848): destructor
05-19 22:02:12.211: W/AudioFlinger(1848): session id 317 not found for pid 1848
05-19 22:02:12.211: V/MediaPlayer(1848): disconnect
05-19 22:02:12.211: V/MediaPlayer(1848): disconnect
05-19 22:02:12.216: V/MediaPlayerService(1848): disconnect(193) from pid 1848
05-19 22:02:12.216: V/StagefrightPlayer(1848): reset
05-19 22:02:12.216: I/AwesomePlayer(1848): reset
05-19 22:02:12.216: I/AwesomePlayer(1848): cancel player events
05-19 22:02:12.216: V/AwesomePlayer(1848): mAudioTrackVector clear
05-19 22:02:12.216: V/StagefrightPlayer(1848): ~StagefrightPlayer
05-19 22:02:12.216: V/StagefrightPlayer(1848): reset
05-19 22:02:12.216: I/AwesomePlayer(1848): reset
05-19 22:02:12.216: I/AwesomePlayer(1848): cancel player events
05-19 22:02:12.216: V/AwesomePlayer(1848): mAudioTrackVector clear
05-19 22:02:12.216: I/AwesomePlayer(1848): reset
05-19 22:02:12.216: I/AwesomePlayer(1848): cancel player events
05-19 22:02:12.216: V/AwesomePlayer(1848): mAudioTrackVector clear
05-19 22:02:12.216: V/AwesomePlayer(1848): ~AwesomePlayer()
05-19 22:02:12.216: V/MediaPlayerService(1848): Client(193) destructor pid = 1848
05-19 22:02:12.216: I/AudioSink(1848): +++ close
05-19 22:02:12.216: I/AudioSink(1848): --- close
05-19 22:02:12.216: V/MediaPlayerService(1848): disconnect(193) from pid 1848
05-19 22:02:12.216: V/MediaPlayer(1848): destructor
05-19 22:02:12.216: W/AudioFlinger(1848): session id 318 not found for pid 1848
05-19 22:02:12.216: V/MediaPlayer(1848): disconnect
05-19 22:02:12.216: V/MediaPlayer(1848): disconnect
05-19 22:02:12.216: V/MediaPlayerService(1848): disconnect(194) from pid 1848
05-19 22:02:12.216: V/StagefrightPlayer(1848): reset
05-19 22:02:12.216: I/AwesomePlayer(1848): reset
05-19 22:02:12.216: I/AwesomePlayer(1848): cancel player events
05-19 22:02:12.216: V/AwesomePlayer(1848): mAudioTrackVector clear
05-19 22:02:12.216: I/OMXCodec(1848): [OMX.google.vorbis.decoder] stop() sendCommand(0xee, OMX_CommandStateSet, OMX_StateIdle)
05-19 22:02:12.216: I/OMXCodec(1848): [OMX.google.vorbis.decoder] stopped in state 1
05-19 22:02:12.216: V/StagefrightPlayer(1848): ~StagefrightPlayer
05-19 22:02:12.216: V/StagefrightPlayer(1848): reset
05-19 22:02:12.216: I/AwesomePlayer(1848): reset
05-19 22:02:12.216: I/AwesomePlayer(1848): cancel player events
05-19 22:02:12.216: V/AwesomePlayer(1848): mAudioTrackVector clear
05-19 22:02:12.216: I/AwesomePlayer(1848): reset
05-19 22:02:12.216: I/AwesomePlayer(1848): cancel player events
05-19 22:02:12.216: V/AwesomePlayer(1848): mAudioTrackVector clear
05-19 22:02:12.216: V/AwesomePlayer(1848): ~AwesomePlayer()
05-19 22:02:12.216: V/MediaPlayerService(1848): Client(194) destructor pid = 1848
05-19 22:02:12.221: I/AudioSink(1848): +++ close
05-19 22:02:12.221: I/AudioSink(1848): --- close
05-19 22:02:12.221: V/MediaPlayerService(1848): disconnect(194) from pid 1848
05-19 22:02:12.221: V/MediaPlayer(1848): destructor
05-19 22:02:12.221: W/AudioFlinger(1848): session id 319 not found for pid 1848
05-19 22:02:12.221: V/MediaPlayer(1848): disconnect
05-19 22:02:12.221: V/WindowOrientationListener(2129): Proposed rotation changed!  proposedRotation=0, oldProposedRotation=-1currentRotation = 1
05-19 22:02:12.226: D/KeyguardViewMediator(2129): setHidden false
05-19 22:02:12.226: V/WindowManager(2129): rotationForOrientationLw(orient=0, last=1); user=0  mLidState=-1 mDockMode=0 mHdmiPlugged=false mAccelerometerDefault=false sensorRotation=0
05-19 22:02:12.226: W/ActivityManager(2129): mDVFSLock.acquire()
05-19 22:02:12.241: I/SurfaceFlinger(1845): id=2382(792) createSurf (480x800),-1 flag=30004, GreezeSurfa
05-19 22:02:12.241: I/InputReader(2129): Reconfiguring input devices.  changes=0x00000004
05-19 22:02:12.241: I/InputReader(2129): Device reconfigured: id=2, name='sec_touchscreen', surface size is now 480x800, mode is 1
05-19 22:02:12.241: V/WindowManager(2129): rotationForOrientationLw(orient=-1, last=1); user=0  mLidState=-1 mDockMode=0 mHdmiPlugged=false mAccelerometerDefault=false sensorRotation=0
05-19 22:02:12.246: I/SurfaceFlinger(1845): Orientation 1=>0
05-19 22:02:12.271: I/ActivityManager(2129): Config changed: {Rect(385, 0 - 415, 480) 1 0 1.0 226mcc10mnc en_GB sw320dp w320dp h508dp nrml long port finger -keyb/v/h -nav/h s.165}
05-19 22:02:12.286: D/PhoneApp(2354): updateProximitySensorMode: lock already released.
05-19 22:02:12.286: D/STATUSBAR-QuickSettingPanel(2249): mDisplayButtonCnt : 9 mCurButtonNum : 5
05-19 22:02:12.291: W/STATUSBAR-QuickSettingPanel(2249): prepareTranslationXfalse  237
05-19 22:02:12.316: D/KeyguardViewMediator(2129): setHidden false
05-19 22:02:12.346: D/WindowManager(2129): PhoneWindowManager: focusChangedLw
05-19 22:02:12.346: D/WindowManager(2129): mInputFocus is not null.
05-19 22:02:12.351: D/KeyguardViewMediator(2129): setHidden false
05-19 22:02:12.361: D/WindowManager(2129): mInputFocus is not null.
05-19 22:02:12.361: D/WindowManager(2129): mInputFocus is not null.
05-19 22:02:12.366: D/WindowManager(2129): mInputFocus is not null.
05-19 22:02:12.366: D/KeyguardViewMediator(2129): setHidden false
05-19 22:02:12.366: D/STATUSBAR-PhoneStatusBar(2249): onConfigurationChanged
05-19 22:02:12.366: D/WindowManager(2129): mInputFocus is not null.
05-19 22:02:12.371: D/CordovaInterfaceImpl(14904): Sending activity result to plugin
05-19 22:02:12.376: D/KeyguardViewMediator(2129): setHidden false
05-19 22:02:12.376: D/WindowManager(2129): mInputFocus is not null.
05-19 22:02:12.386: D/KeyguardViewMediator(2129): setHidden false
05-19 22:02:12.386: D/WindowManager(2129): mInputFocus is not null.
05-19 22:02:12.386: D/WindowManager(2129): mInputFocus is not null.
05-19 22:02:12.396: D/ClockAlarmWidgetService(12456): [ClockAlarmWidgetService] onReceive: action = android.intent.action.CONFIGURATION_CHANGED
05-19 22:02:12.401: D/Mms/MmsApp(2877): [start]    onConfigurationChanged(),newConfig={Rect(0, 385 - 480, 415) 1 0 1.0 226mcc10mnc en_GB sw320dp w320dp h508dp nrml long port finger -keyb/v/h -nav/h s.165}
05-19 22:02:12.401: D/VoIPInterfaceManager(2129): getState()...
05-19 22:02:12.401: D/VoIPInterfaceManager(2129):     Not exist call session
05-19 22:02:12.401: D/VoIPInterfaceManager(2129): getState()...
05-19 22:02:12.401: D/VoIPInterfaceManager(2129):     Not exist call session
05-19 22:02:12.411: I/SurfaceFlinger(1845): id=2383(4) createSurf 0x417dd03c (480x800),1 flag=400, IomeA
05-19 22:02:12.411: D/WindowManager(2129): PhoneWindowManager: focusChangedLw
05-19 22:02:12.411: D/KeyguardViewMediator(2129): setHidden false
05-19 22:02:12.411: D/KeyguardViewMediator(2129): setHidden false
05-19 22:02:12.411: D/STATUSBAR-StatusBarManagerService(2129): setSystemUiVisibility(0x0)
05-19 22:02:12.411: D/STATUSBAR-StatusBarManagerService(2129): manageDisableList what=0x0 pkg=WindowManager.LayoutParams
05-19 22:02:12.416: D/KeyguardViewMediator(2129): setHidden false
05-19 22:02:12.426: D/STATUSBAR-NetworkController(2249): onReceive() - ACTION_CONFIGURATION_CHANGED
05-19 22:02:12.441: D/STATUSBAR-Clock(2249): onReceive() - ACTION_CONFIGURATION_CHANGED
05-19 22:02:12.441: D/STATUSBAR-Clock(2249): onReceive() - ACTION_CONFIGURATION_CHANGED
05-19 22:02:12.451: D/KeyguardViewMediator(2129): setHidden false
05-19 22:02:12.451: W/SurfaceView(14904): CHECK surface infomation creating=false formatChanged=false sizeChanged=false visible=false visibleChanged=true surfaceChanged=true realSizeChanged=false redrawNeeded=false left=false top=false
05-19 22:02:12.456: I/SurfaceFlinger(1845): id=2377 Removed TurfaceView idx=3 MapSz=4
05-19 22:02:12.456: I/SurfaceFlinger(1845): id=2377 Removed TurfaceView idx=-2 MapSz=4
05-19 22:02:12.466: I/SurfaceFlinger(1845): id=2376 Removed DaptureActi idx=4 MapSz=3
05-19 22:02:12.466: D/KeyguardViewMediator(2129): setHidden false
05-19 22:02:12.466: D/PowerManagerService(2129): releaseWakeLockLocked : ON_AFTER_RELEASE
05-19 22:02:12.466: D/PowerManagerService(2129): releaseWakeLockLocked flags=0x0 tag=KEEP_SCREEN_ON_FLAG
05-19 22:02:12.471: I/SurfaceFlinger(1845): id=2376 Removed DaptureActi idx=-2 MapSz=3
05-19 22:02:12.486: V/Mms/LayoutManager(2877): -> LayoutManager.onConfigurationChanged().
05-19 22:02:12.486: V/Mms/HVGALayoutParameters(2877): HVGALayoutParameters.<init>(11).
05-19 22:02:12.486: V/Mms/HVGALayoutParameters(2877): HVGALayoutParameters mMaxWidth: 480 mMaxHeight: 762 mImageHeightLandscape: 685 mTextHeightLandscape: 76 mImageHeightPortrait: 432 mTextHeightPortrait: 48
05-19 22:02:12.486: V/Mms/LayoutManager(2877): LayoutParameters: HVGA-P: 762x480
05-19 22:02:12.486: E/ClockAlarmWidget(12456): [AlarmWidgetIdManager] getListItem() : itemIndex=0, widgetID:1
05-19 22:02:12.486: E/ClockAlarmWidget(12456): [AlarmWidgetIdManager] getListItem() : ItemIndex exceed ListItemCount. itemIndex=1
05-19 22:02:12.486: E/ClockAlarmWidget(12456): [AlarmWidgetIdManager] getListItem() : itemIndex=1, widgetID:1
05-19 22:02:12.486: D/KeyguardViewMediator(2129): setHidden false
05-19 22:02:12.491: D/Mms/MmsApp(2877): [end]    onConfigurationChanged(),newConfig={Rect(0, 385 - 480, 415) 1 0 1.0 226mcc10mnc en_GB sw320dp w320dp h508dp nrml long port finger -keyb/v/h -nav/h s.165}
05-19 22:02:12.501: D/ClockAlarmDataProvider(12456): getAlarm() - too many same ID alarm data. nCount: 0
05-19 22:02:12.501: D/KeyguardViewMediator(2129): setHidden false
05-19 22:02:12.506: I/power(2129): *** release_dvfs_lock : lockType : 1 
05-19 22:02:12.506: D/KeyguardViewMediator(2129): setHidden false
05-19 22:02:12.506: D/PowerManagerService(2129): releaseDVFSLockLocked : all DVFS_MIN_LIMIT are released 
05-19 22:02:12.506: W/ActivityManager(2129): mDVFSLock.release()
05-19 22:02:12.511: I/SurfaceFlinger(1845): id=2384(793) createSurf (1600x480),-1 flag=20000, ClackSurfac
05-19 22:02:12.511: I/ClipboardServiceEx(2129): Send intent for dismiss clipboard dialog inside hideCurrentInputLocked() !
05-19 22:02:12.511: I/SurfaceFlinger(1845): id=2385(794) createSurf (800x960),-1 flag=20000, ClackSurfac
05-19 22:02:12.511: I/SurfaceFlinger(1845): id=2386(795) createSurf (1600x480),-1 flag=20000, ClackSurfac
05-19 22:02:12.511: I/SurfaceFlinger(1845): id=2387(796) createSurf (800x960),-1 flag=20000, ClackSurfac
05-19 22:02:12.516: D/KeyguardViewMediator(2129): setHidden false
05-19 22:02:12.536: W/PluginManager(14904): THREAD WARNING: exec() call to Toast.show blocked the main thread for 23ms. Plugin should use CordovaInterface.getThreadPool().
05-19 22:02:12.536: D/STATUSBAR-NotificationService(2129): enqueueToast()
05-19 22:02:12.561: D/STATUSBAR-NotificationService(2129): enqueueToast()
05-19 22:02:12.566: E/SpannableStringBuilder(14904): SPAN_EXCLUSIVE_EXCLUSIVE spans cannot have a zero length
05-19 22:02:12.566: E/SpannableStringBuilder(14904): SPAN_EXCLUSIVE_EXCLUSIVE spans cannot have a zero length
05-19 22:02:12.576: I/SurfaceFlinger(1845): id=2388(5) createSurf 0x41c4af5c (1x1),1 flag=0, Uoast
05-19 22:02:12.581: D/KeyguardViewMediator(2129): setHidden false
05-19 22:02:12.591: D/PowerManagerService(2129): acquireWakeLock flags=0x2000000a tag=KEEP_SCREEN_ON_FLAG uid=1000 pid=2129
05-19 22:02:12.596: D/STATUSBAR-NotificationService(2129): enqueueToast()
05-19 22:02:12.611: D/KeyguardViewMediator(2129): setHidden false
05-19 22:02:12.616: D/KeyguardViewMediator(2129): setHidden false
05-19 22:02:12.626: D/KeyguardViewMediator(2129): setHidden false
05-19 22:02:12.806: D/KeyguardViewMediator(2129): setHidden false
05-19 22:02:12.961: I/SurfaceFlinger(1845): id=2382 Removed GreezeSurfa idx=6 MapSz=4
05-19 22:02:12.961: I/SurfaceFlinger(1845): id=2382 Removed GreezeSurfa idx=-2 MapSz=4
05-19 22:02:12.961: I/SurfaceFlinger(1845): id=2384 Removed ClackSurfac idx=6 MapSz=4
05-19 22:02:12.966: I/SurfaceFlinger(1845): id=2384 Removed ClackSurfac idx=-2 MapSz=4
05-19 22:02:12.966: I/SurfaceFlinger(1845): id=2385 Removed ClackSurfac idx=6 MapSz=4
05-19 22:02:12.966: I/SurfaceFlinger(1845): id=2385 Removed ClackSurfac idx=-2 MapSz=4
05-19 22:02:12.966: I/SurfaceFlinger(1845): id=2386 Removed ClackSurfac idx=6 MapSz=4
05-19 22:02:12.971: I/SurfaceFlinger(1845): id=2386 Removed ClackSurfac idx=-2 MapSz=4
05-19 22:02:12.971: I/SurfaceFlinger(1845): id=2387 Removed ClackSurfac idx=6 MapSz=4
05-19 22:02:12.971: I/SurfaceFlinger(1845): id=2387 Removed ClackSurfac idx=-2 MapSz=4
05-19 22:02:12.981: D/KeyguardViewMediator(2129): setHidden false
05-19 22:02:12.986: V/WindowManager(2129): rotationForOrientationLw(orient=-1, last=0); user=0  mLidState=-1 mDockMode=0 mHdmiPlugged=false mAccelerometerDefault=false sensorRotation=0
05-19 22:02:13.146: D/KeyguardViewMediator(2129): setHidden false
05-19 22:02:13.151: D/KeyguardViewMediator(2129): setHidden false
05-19 22:02:13.881: I/ALSAModule(1848): Terminated ALSA PLAYBACK device hifi
05-19 22:02:13.881: D/PowerManagerService(2129): preventAutoPowerOff : 0  bPrevent : false
05-19 22:02:13.881: D/PowerManagerService(2129): preventAutoPowerOff : resetAutoPowerOffTimer()
05-19 22:02:13.881: D/PowerManagerService(2129): resetAutoPowerOffTimer : 0
05-19 22:02:13.976: W/PowerManagerService(2129): Timer 0x3->0x3|0x3
05-19 22:02:14.271: I/yamaha::media::UserDep(1848): UserDep::getRouteInfo(output: audioengine=0, devices=00000002h
05-19 22:02:14.271: I/yamaha::media::UserDep(1848):                       incall: onoff=0, devices=00000000h
05-19 22:02:14.271: I/yamaha::media::UserDep(1848):                       capture: onoff=0, devices=00000000h, audioSource=0
05-19 22:02:14.271: I/yamaha::media::UserDep(1848):                       playback: audio_onoff=0, line_onoff=0)
05-19 22:02:14.516: D/dalvikvm(2129): WAIT_FOR_CONCURRENT_GC blocked 0ms
05-19 22:02:14.551: D/KeyguardViewMediator(2129): setHidden false
05-19 22:02:14.586: I/SurfaceFlinger(1845): id=2389(6) createSurf 0x40ed846c (1x1),1 flag=0, Uoast
05-19 22:02:14.586: D/KeyguardViewMediator(2129): setHidden false
05-19 22:02:14.631: D/KeyguardViewMediator(2129): setHidden false
05-19 22:02:14.781: D/dalvikvm(2129): GC_EXPLICIT freed 755K, 15% free 25764K/30279K, paused 20ms+8ms, total 269ms
05-19 22:02:15.326: D/KeyguardViewMediator(2129): setHidden false
05-19 22:02:15.336: I/SurfaceFlinger(1845): id=2388 Removed Uoast idx=5 MapSz=4
05-19 22:02:15.346: I/SurfaceFlinger(1845): id=2388 Removed Uoast idx=-2 MapSz=4
05-19 22:02:15.351: D/KeyguardViewMediator(2129): setHidden false
05-19 22:02:15.351: D/KeyguardViewMediator(2129): setHidden false
05-19 22:02:16.221: W/SignalStrength(2129): getGsmLevel=4
05-19 22:02:16.221: W/SignalStrength(2129): getLevel=4 (SignalStrength: 17 -1 -1 -1 -1 -1 -1 -1 -1 -1 -1 -1 gsm|lte 4)
05-19 22:02:16.221: W/SignalStrength(2249): getGsmLevel=4
05-19 22:02:16.221: W/SignalStrength(2249): getLevel=4 (SignalStrength: 17 -1 -1 -1 -1 -1 -1 -1 -1 -1 -1 -1 gsm|lte 4)
05-19 22:02:16.221: W/SignalStrength(2249): getGsmLevel=4
05-19 22:02:16.221: W/SignalStrength(2249): getLevel=4 (SignalStrength: 17 -1 -1 -1 -1 -1 -1 -1 -1 -1 -1 -1 gsm|lte 4)
05-19 22:02:16.221: D/STATUSBAR-NetworkController(2249): onSignalStrengthsChanged signalStrength=SignalStrength: 17 -1 -1 -1 -1 -1 -1 -1 -1 -1 -1 -1 gsm|lte 4 level=4
05-19 22:02:16.226: V/WindowOrientationListener(2129): nearestRotation : 0   Angle: 355   tilt: 38
05-19 22:02:16.231: W/SignalStrength(2129): getGsmDbm=-79
05-19 22:02:16.231: W/SignalStrength(2129): getDbm=-79
05-19 22:02:16.231: W/SignalStrength(2129): getGsmAsuLevel=17
05-19 22:02:16.231: W/SignalStrength(2129): getAsuLevel=17
05-19 22:02:16.566: D/KeyguardViewMediator(2129): setHidden false
05-19 22:02:16.596: I/SurfaceFlinger(1845): id=2390(7) createSurf 0x41010bdc (1x1),1 flag=0, Uoast
05-19 22:02:16.596: D/KeyguardViewMediator(2129): setHidden false
05-19 22:02:16.681: D/KeyguardViewMediator(2129): setHidden false
05-19 22:02:17.106: D/KeyguardViewMediator(2129): setHidden false
05-19 22:02:17.111: I/SurfaceFlinger(1845): id=2389 Removed Uoast idx=5 MapSz=4
05-19 22:02:17.111: I/SurfaceFlinger(1845): id=2389 Removed Uoast idx=-2 MapSz=4
05-19 22:02:17.116: D/KeyguardViewMediator(2129): setHidden false
05-19 22:02:17.206: D/KeyguardViewMediator(2129): setHidden false
05-19 22:02:17.211: D/KeyguardViewMediator(2129): setHidden false
05-19 22:02:17.481: V/AlarmManager(2129): waitForAlarm result :1
05-19 22:02:17.481: V/AlarmManager(2129): trigger ELAPSED_REALTIME_WAKEUP or RTC_WAKEUP
05-19 22:02:17.531: W/AlarmManager(2129): FACTORY_ON= 0
05-19 22:02:17.591: W/AlarmManager(2129): FACTORY_ON= 0
05-19 22:02:18.576: D/KeyguardViewMediator(2129): setHidden false
05-19 22:02:18.786: W/SignalStrength(2129): getGsmLevel=4
05-19 22:02:18.786: W/SignalStrength(2129): getLevel=4 (SignalStrength: 16 -1 -1 -1 -1 -1 -1 -1 -1 -1 -1 -1 gsm|lte 4)
05-19 22:02:18.801: W/SignalStrength(2249): getGsmLevel=4
05-19 22:02:18.806: W/SignalStrength(2249): getLevel=4 (SignalStrength: 16 -1 -1 -1 -1 -1 -1 -1 -1 -1 -1 -1 gsm|lte 4)
05-19 22:02:18.816: W/SignalStrength(2129): getGsmDbm=-81
05-19 22:02:18.816: W/SignalStrength(2129): getDbm=-81
05-19 22:02:18.816: W/SignalStrength(2129): getGsmAsuLevel=16
05-19 22:02:18.816: W/SignalStrength(2129): getAsuLevel=16
05-19 22:02:18.821: W/SignalStrength(2249): getGsmLevel=4
05-19 22:02:18.821: D/STATUSBAR-NetworkController(2249): onSignalStrengthsChanged signalStrength=SignalStrength: 16 -1 -1 -1 -1 -1 -1 -1 -1 -1 -1 -1 gsm|lte 4 level=4
05-19 22:02:18.836: W/SignalStrength(2249): getLevel=4 (SignalStrength: 16 -1 -1 -1 -1 -1 -1 -1 -1 -1 -1 -1 gsm|lte 4)
05-19 22:02:19.126: D/KeyguardViewMediator(2129): setHidden false
05-19 22:02:19.131: I/SurfaceFlinger(1845): id=2390 Removed Uoast idx=5 MapSz=3
05-19 22:02:19.131: I/SurfaceFlinger(1845): id=2390 Removed Uoast idx=-2 MapSz=3
05-19 22:02:19.146: D/KeyguardViewMediator(2129): setHidden false
05-19 22:02:19.151: D/PowerManagerService(2129): releaseWakeLockLocked : ON_AFTER_RELEASE
05-19 22:02:19.156: D/PowerManagerService(2129): releaseWakeLockLocked flags=0x0 tag=KEEP_SCREEN_ON_FLAG
05-19 22:02:19.161: D/KeyguardViewMediator(2129): setHidden false
05-19 22:02:20.656: W/PowerManagerService(2129): Timer 0x3->0x3|0x0
05-19 22:02:21.331: E/Watchdog(2129): !@Sync 2965
05-19 22:02:24.641: V/WindowOrientationListener(2129): Proposed rotation changed!  proposedRotation=1, oldProposedRotation=-1currentRotation = 0
05-19 22:02:24.641: I/SurfaceFlinger(1845): id=2391(797) createSurf (480x800),-1 flag=30004, GreezeSurfa
05-19 22:02:24.641: V/WindowManager(2129): rotationForOrientationLw(orient=-1, last=0); user=0  mLidState=-1 mDockMode=0 mHdmiPlugged=false mAccelerometerDefault=false sensorRotation=1
05-19 22:02:24.646: I/InputReader(2129): Reconfiguring input devices.  changes=0x00000004
05-19 22:02:24.651: I/InputReader(2129): Device reconfigured: id=2, name='sec_touchscreen', surface size is now 480x800, mode is 1
05-19 22:02:24.681: I/SurfaceFlinger(1845): Orientation 0=>1
05-19 22:02:24.696: I/ActivityManager(2129): Config changed: {Rect(0, 385 - 480, 415) 1 0 1.0 226mcc10mnc en_GB sw320dp w533dp h294dp nrml long land finger -keyb/v/h -nav/h s.166}
05-19 22:02:24.711: D/STATUSBAR-QuickSettingPanel(2249): mDisplayButtonCnt : 9 mCurButtonNum : 8
05-19 22:02:24.731: D/PhoneApp(2354): updateProximitySensorMode: lock already released.
05-19 22:02:24.796: W/STATUSBAR-QuickSettingPanel(2249): prepareTranslationXfalse  99
05-19 22:02:24.826: D/KeyguardViewMediator(2129): setHidden false
05-19 22:02:24.891: D/STATUSBAR-PhoneStatusBar(2249): Landscape - marquee statusbar
05-19 22:02:24.896: D/KeyguardViewMediator(2129): setHidden false
05-19 22:02:24.901: D/KeyguardViewMediator(2129): setHidden false
05-19 22:02:24.911: D/VoIPInterfaceManager(2129): getState()...
05-19 22:02:24.911: D/VoIPInterfaceManager(2129):     Not exist call session
05-19 22:02:24.911: D/VoIPInterfaceManager(2129): getState()...
05-19 22:02:24.911: D/VoIPInterfaceManager(2129):     Not exist call session
05-19 22:02:24.926: D/ClockAlarmWidgetService(12456): [ClockAlarmWidgetService] onReceive: action = android.intent.action.CONFIGURATION_CHANGED
05-19 22:02:24.931: D/WebView(14904): onSizeChanged - w:800 h:442
05-19 22:02:24.941: D/KeyguardViewMediator(2129): setHidden false
05-19 22:02:24.941: D/STATUSBAR-NetworkController(2249): onReceive() - ACTION_CONFIGURATION_CHANGED
05-19 22:02:24.956: D/STATUSBAR-Clock(2249): onReceive() - ACTION_CONFIGURATION_CHANGED
05-19 22:02:24.956: D/STATUSBAR-Clock(2249): onReceive() - ACTION_CONFIGURATION_CHANGED
05-19 22:02:24.966: D/KeyguardViewMediator(2129): setHidden false
05-19 22:02:24.976: D/KeyguardViewMediator(2129): setHidden false
05-19 22:02:25.006: D/KeyguardViewMediator(2129): setHidden false
05-19 22:02:25.026: D/KeyguardViewMediator(2129): setHidden false
05-19 22:02:25.036: E/ClockAlarmWidget(12456): [AlarmWidgetIdManager] getListItem() : itemIndex=0, widgetID:1
05-19 22:02:25.041: E/ClockAlarmWidget(12456): [AlarmWidgetIdManager] getListItem() : ItemIndex exceed ListItemCount. itemIndex=1
05-19 22:02:25.041: E/ClockAlarmWidget(12456): [AlarmWidgetIdManager] getListItem() : itemIndex=1, widgetID:1
05-19 22:02:25.041: D/KeyguardViewMediator(2129): setHidden false
05-19 22:02:25.046: I/SurfaceFlinger(1845): id=2392(798) createSurf (960x800),-1 flag=20000, ClackSurfac
